2025-03-09 13:59:31,925 [DEBUG]  Available web server routes: 
/conversations/<conversation_id:path>/messages     POST                           add_message
/conversations/<conversation_id:path>/tracker/events POST                           append_events
/webhooks/rasa                                     GET                            custom_webhook_RasaChatInput.health
/webhooks/rasa/webhook                             POST                           custom_webhook_RasaChatInput.receive
/webhooks/rest                                     GET                            custom_webhook_RestInput.health
/webhooks/rest/webhook                             POST                           custom_webhook_RestInput.receive
/model/test/intents                                POST                           evaluate_intents
/model/test/stories                                POST                           evaluate_stories
/conversations/<conversation_id:path>/execute      POST                           execute_action
/domain                                            GET                            get_domain
/                                                  GET                            hello
/model                                             PUT                            load_model
/model/parse                                       POST                           parse
/conversations/<conversation_id:path>/predict      POST                           predict
/conversations/<conversation_id:path>/tracker/events PUT                            replace_events
/conversations/<conversation_id:path>/story        GET                            retrieve_story
/conversations/<conversation_id:path>/tracker      GET                            retrieve_tracker
/status                                            GET                            status
/model/predict                                     POST                           tracker_predict
/model/train                                       POST                           train
/conversations/<conversation_id:path>/trigger_intent POST                           trigger_intent
/model                                             DELETE                         unload_model
/version                                           GET                            version
2025-03-09 13:59:31,926 [INFO ]  Starting Rasa server on http://0.0.0.0:5005
2025-03-09 13:59:31,926 [DEBUG]  Using the default number of Sanic workers (1).
2025-03-09 13:59:32,114 [DEBUG]  Skipping telemetry reporting: no license hash found.
2025-03-09 13:59:32,154 [DEBUG]  Connected to InMemoryTrackerStore.
2025-03-09 13:59:32,154 [DEBUG]  Connected to lock store 'InMemoryLockStore'.
2025-03-09 13:59:32,154 [DEBUG]  Instantiated NLG to 'TemplatedNaturalLanguageGenerator'.
2025-03-09 13:59:32,154 [INFO ]  Loading model models/20250309-135820-moist-class.tar.gz...
2025-03-09 13:59:32,309 [DEBUG]  Extracted model to '/var/folders/l6/tm6ltvkj5819sqc5nd3t8s5c0000gn/T/tmpm3ebs317'.
2025-03-09 13:59:32,312 [DEBUG]  Node 'nlu_message_converter' loading 'NLUMessageConverter.load' and kwargs: '{}'.
2025-03-09 13:59:32,312 [DEBUG]  Node 'run_WhitespaceTokenizer0' loading 'WhitespaceTokenizer.load' and kwargs: '{}'.
2025-03-09 13:59:32,313 [DEBUG]  Node 'run_RegexFeaturizer1' loading 'RegexFeaturizer.load' and kwargs: '{}'.
2025-03-09 13:59:32,313 [DEBUG]  Resource 'train_RegexFeaturizer1' was requested for reading.
2025-03-09 13:59:32,313 [DEBUG]  Node 'run_LexicalSyntacticFeaturizer2' loading 'LexicalSyntacticFeaturizer.load' and kwargs: '{}'.
2025-03-09 13:59:32,313 [DEBUG]  Resource 'train_LexicalSyntacticFeaturizer2' was requested for reading.
2025-03-09 13:59:32,315 [DEBUG]  Node 'run_CountVectorsFeaturizer3' loading 'CountVectorsFeaturizer.load' and kwargs: '{}'.
2025-03-09 13:59:32,315 [DEBUG]  Resource 'train_CountVectorsFeaturizer3' was requested for reading.
2025-03-09 13:59:32,315 [DEBUG]  Node 'run_CountVectorsFeaturizer4' loading 'CountVectorsFeaturizer.load' and kwargs: '{}'.
2025-03-09 13:59:32,315 [DEBUG]  Resource 'train_CountVectorsFeaturizer4' was requested for reading.
2025-03-09 13:59:32,316 [DEBUG]  Node 'run_DIETClassifier5' loading 'DIETClassifier.load' and kwargs: '{}'.
2025-03-09 13:59:32,316 [DEBUG]  Resource 'train_DIETClassifier5' was requested for reading.
2025-03-09 13:59:32,317 [DEBUG]  Loading the model from /var/folders/l6/tm6ltvkj5819sqc5nd3t8s5c0000gn/T/tmphitgmdjh/train_DIETClassifier5/DIETClassifier.tf_model with finetune_mode=False...
2025-03-09 13:59:32,330 [DEBUG]  You specified 'DIET' to train entities, but no entities are present in the training data. Skipping training of entities.
2025-03-09 13:59:32,338 [DEBUG]  Following metrics will be logged during training: 
2025-03-09 13:59:32,338 [DEBUG]    t_loss (total loss)
2025-03-09 13:59:32,338 [DEBUG]    i_acc (intent acc)
2025-03-09 13:59:32,338 [DEBUG]    i_loss (intent loss)
2025-03-09 13:59:32,352 [WARNI]  At this time, the v2.11+ optimizer `tf.keras.optimizers.Adam` runs slowly on M1/M2 Macs, please use the legacy Keras optimizer instead, located at `tf.keras.optimizers.legacy.Adam`.
2025-03-09 13:59:32,353 [WARNI]  There is a known slowdown when using v2.11+ Keras optimizers on M1/M2 Macs. Falling back to the legacy Keras optimizer, i.e., `tf.keras.optimizers.legacy.Adam`.
2025-03-09 13:59:35,152 [DEBUG]  Finished loading the model.
2025-03-09 13:59:35,152 [DEBUG]  Node 'run_EntitySynonymMapper6' loading 'EntitySynonymMapper.load' and kwargs: '{}'.
2025-03-09 13:59:35,152 [DEBUG]  Resource 'train_EntitySynonymMapper6' was requested for reading.
2025-03-09 13:59:35,153 [DEBUG]  Failed to load ABCMeta from model storage. Resource 'train_EntitySynonymMapper6' doesn't exist.
2025-03-09 13:59:35,153 [DEBUG]  Node 'run_ResponseSelector7' loading 'ResponseSelector.load' and kwargs: '{}'.
2025-03-09 13:59:35,153 [DEBUG]  Resource 'train_ResponseSelector7' was requested for reading.
2025-03-09 13:59:35,153 [DEBUG]  Failed to load ABCMeta from model storage. Resource 'train_ResponseSelector7' doesn't exist.
2025-03-09 13:59:35,153 [DEBUG]  Resource 'train_ResponseSelector7' was requested for reading.
2025-03-09 13:59:35,153 [DEBUG]  Failed to load ResponseSelector from model storage. Resource 'train_ResponseSelector7' doesn't exist.
2025-03-09 13:59:35,153 [DEBUG]  Node 'run_FallbackClassifier8' loading 'FallbackClassifier.load' and kwargs: '{}'.
2025-03-09 13:59:35,153 [DEBUG]  Node 'run_RegexMessageHandler' loading 'RegexMessageHandler.load' and kwargs: '{}'.
2025-03-09 13:59:35,153 [DEBUG]  Node 'domain_provider' loading 'DomainProvider.load' and kwargs: '{}'.
2025-03-09 13:59:35,153 [DEBUG]  Resource 'domain_provider' was requested for reading.
2025-03-09 13:59:35,163 [DEBUG]  Node 'run_MemoizationPolicy0' loading 'MemoizationPolicy.load' and kwargs: '{}'.
2025-03-09 13:59:35,163 [DEBUG]  Resource 'train_MemoizationPolicy0' was requested for reading.
2025-03-09 13:59:35,164 [DEBUG]  Node 'run_RulePolicy1' loading 'RulePolicy.load' and kwargs: '{}'.
2025-03-09 13:59:35,164 [DEBUG]  Resource 'train_RulePolicy1' was requested for reading.
2025-03-09 13:59:35,165 [DEBUG]  Node 'run_UnexpecTEDIntentPolicy2' loading 'UnexpecTEDIntentPolicy.load' and kwargs: '{}'.
2025-03-09 13:59:35,165 [DEBUG]  Resource 'train_UnexpecTEDIntentPolicy2' was requested for reading.
2025-03-09 13:59:35,169 [DEBUG]  Loading the model from /var/folders/l6/tm6ltvkj5819sqc5nd3t8s5c0000gn/T/tmphitgmdjh/train_UnexpecTEDIntentPolicy2/unexpected_intent_policy.tf_model with finetune_mode=False...
2025-03-09 13:59:35,190 [WARNI]  At this time, the v2.11+ optimizer `tf.keras.optimizers.Adam` runs slowly on M1/M2 Macs, please use the legacy Keras optimizer instead, located at `tf.keras.optimizers.legacy.Adam`.
2025-03-09 13:59:35,190 [WARNI]  There is a known slowdown when using v2.11+ Keras optimizers on M1/M2 Macs. Falling back to the legacy Keras optimizer, i.e., `tf.keras.optimizers.legacy.Adam`.
2025-03-09 13:59:38,144 [DEBUG]  Finished loading the model.
2025-03-09 13:59:38,144 [WARNI]  The UnexpecTED Intent Policy is currently experimental and might change or be removed in the future 🔬 Please share your feedback on it in the forum (https://forum.rasa.com) to help us make this feature ready for production.
2025-03-09 13:59:38,144 [DEBUG]  Node 'run_TEDPolicy3' loading 'TEDPolicy.load' and kwargs: '{}'.
2025-03-09 13:59:38,144 [DEBUG]  Resource 'train_TEDPolicy3' was requested for reading.
2025-03-09 13:59:38,151 [DEBUG]  Loading the model from /var/folders/l6/tm6ltvkj5819sqc5nd3t8s5c0000gn/T/tmphitgmdjh/train_TEDPolicy3/ted_policy.tf_model with finetune_mode=False...
2025-03-09 13:59:38,172 [WARNI]  At this time, the v2.11+ optimizer `tf.keras.optimizers.Adam` runs slowly on M1/M2 Macs, please use the legacy Keras optimizer instead, located at `tf.keras.optimizers.legacy.Adam`.
2025-03-09 13:59:38,173 [WARNI]  There is a known slowdown when using v2.11+ Keras optimizers on M1/M2 Macs. Falling back to the legacy Keras optimizer, i.e., `tf.keras.optimizers.legacy.Adam`.
2025-03-09 13:59:40,586 [DEBUG]  Finished loading the model.
2025-03-09 13:59:40,586 [DEBUG]  Node 'rule_only_data_provider' loading 'RuleOnlyDataProvider.load' and kwargs: '{}'.
2025-03-09 13:59:40,586 [DEBUG]  Resource 'train_RulePolicy1' was requested for reading.
2025-03-09 13:59:40,588 [DEBUG]  Node 'select_prediction' loading 'DefaultPolicyPredictionEnsemble.load' and kwargs: '{}'.
2025-03-09 13:59:40,600 [INFO ]  Rasa server is up and running.
2025-03-09 13:59:40,601 [INFO ]  Enabling coroutine debugging. Loop id 14047978800.
2025-03-09 14:00:16,352 [DEBUG]  Issuing ticket for conversation 'PractikumStudent'.
2025-03-09 14:00:16,352 [DEBUG]  Acquiring lock for conversation 'PractikumStudent'.
2025-03-09 14:00:16,352 [DEBUG]  Acquired lock for conversation 'PractikumStudent'.
2025-03-09 14:00:16,352 [DEBUG]  Could not find tracker for conversation ID 'PractikumStudent'.
2025-03-09 14:00:16,353 [DEBUG]  No event broker configured. Skipping streaming events.
2025-03-09 14:00:16,353 [DEBUG]  Starting a new session for conversation ID 'PractikumStudent'.
2025-03-09 14:00:16,355 [DEBUG]  [[32m[1mdebug    [0m] [1mprocessor.actions.policy_prediction[0m [36mprediction_events[0m=[35m[][0m
2025-03-09 14:00:16,356 [DEBUG]  [[32m[1mdebug    [0m] [1mprocessor.actions.log         [0m [36maction_name[0m=[35maction_session_start[0m [36mrasa_events[0m=[35m[<rasa.shared.core.events.SessionStarted object at 0x36d8e8400>, ActionExecuted(action: action_listen, policy: None, confidence: None)][0m
2025-03-09 14:00:16,356 [DEBUG]  [[32m[1mdebug    [0m] [1mprocessor.slots.log           [0m [36mslot_values[0m=[35m	session_started_metadata: None[0m
2025-03-09 14:00:16,356 [DEBUG]  Running graph with inputs: {'__message__': [<rasa.core.channels.channel.UserMessage object at 0x36d71bb20>], '__tracker__': <rasa.shared.core.trackers.DialogueStateTracker object at 0x3717ef910>}, targets: ['run_RegexMessageHandler'] and ExecutionContext(model_id='099bbc7ce20f4e05b1dbc5e98de1d274', should_add_diagnostic_data=False, is_finetuning=False, node_name=None).
2025-03-09 14:00:16,357 [DEBUG]  Node 'nlu_message_converter' running 'NLUMessageConverter.convert_user_message'.
2025-03-09 14:00:16,357 [DEBUG]  Node 'run_WhitespaceTokenizer0' running 'WhitespaceTokenizer.process'.
2025-03-09 14:00:16,359 [DEBUG]  Node 'run_RegexFeaturizer1' running 'RegexFeaturizer.process'.
2025-03-09 14:00:16,359 [DEBUG]  Node 'run_LexicalSyntacticFeaturizer2' running 'LexicalSyntacticFeaturizer.process'.
2025-03-09 14:00:16,360 [DEBUG]  Node 'run_CountVectorsFeaturizer3' running 'CountVectorsFeaturizer.process'.
2025-03-09 14:00:16,360 [DEBUG]  Node 'run_CountVectorsFeaturizer4' running 'CountVectorsFeaturizer.process'.
2025-03-09 14:00:16,361 [DEBUG]  Node 'run_DIETClassifier5' running 'DIETClassifier.process'.
2025-03-09 14:00:16,454 [DEBUG]  Node 'run_EntitySynonymMapper6' running 'EntitySynonymMapper.process'.
2025-03-09 14:00:16,454 [DEBUG]  Node 'run_ResponseSelector7' running 'ResponseSelector.process'.
2025-03-09 14:00:16,454 [DEBUG]  There is no trained model for 'ResponseSelector': The component is either not trained or didn't receive enough training data.
2025-03-09 14:00:16,454 [DEBUG]  Adding following selector key to message property: default
2025-03-09 14:00:16,454 [DEBUG]  Node 'run_FallbackClassifier8' running 'FallbackClassifier.process'.
2025-03-09 14:00:16,455 [DEBUG]  Node 'domain_provider' running 'DomainProvider.provide_inference'.
2025-03-09 14:00:16,455 [DEBUG]  Node 'run_RegexMessageHandler' running 'RegexMessageHandler.process'.
2025-03-09 14:00:16,455 [DEBUG]  [[32m[1mdebug    [0m] [1mprocessor.message.parse       [0m [36mparse_data_entities[0m=[35m[][0m [36mparse_data_intent[0m=[35m{'name': 'greet', 'confidence': 0.9999983310699463}[0m [36mparse_data_text[0m=[35mHi[0m
2025-03-09 14:00:16,455 [DEBUG]  Logged UserUtterance - tracker now has 4 events.
2025-03-09 14:00:16,455 [DEBUG]  Validating extracted slots: 
2025-03-09 14:00:16,455 [DEBUG]  [[32m[1mdebug    [0m] [1mprocessor.extract.slots       [0m [36maction_extract_slot[0m=[35maction_extract_slots[0m [36mlen_extraction_events[0m=[35m0[0m [36mrasa_events[0m=[35m[][0m
2025-03-09 14:00:16,455 [DEBUG]  Running graph with inputs: {'__tracker__': <rasa.shared.core.trackers.DialogueStateTracker object at 0x3717ef910>}, targets: ['select_prediction'] and ExecutionContext(model_id='099bbc7ce20f4e05b1dbc5e98de1d274', should_add_diagnostic_data=False, is_finetuning=False, node_name=None).
2025-03-09 14:00:16,455 [DEBUG]  Node 'rule_only_data_provider' running 'RuleOnlyDataProvider.provide'.
2025-03-09 14:00:16,455 [DEBUG]  Node 'domain_provider' running 'DomainProvider.provide_inference'.
2025-03-09 14:00:16,455 [DEBUG]  Node 'run_MemoizationPolicy0' running 'MemoizationPolicy.predict_action_probabilities'.
2025-03-09 14:00:16,455 [DEBUG]  [[32m[1mdebug    [0m] [1mmemoization.predict.actions   [0m [36mtracker_states[0m=[35m[{}, {'user': {'intent': 'greet'}, 'prev_action': {'action_name': 'action_listen'}}][0m
2025-03-09 14:00:16,455 [DEBUG]  There is a memorised next action 'utter_greet'
2025-03-09 14:00:16,455 [DEBUG]  Node 'run_RulePolicy1' running 'RulePolicy.predict_action_probabilities'.
2025-03-09 14:00:16,456 [DEBUG]  [[32m[1mdebug    [0m] [1mrule_policy.actions.find      [0m [36mcurrent_states[0m=[35m
[state 1] user text: Hi | previous action name: action_listen[0m
2025-03-09 14:00:16,456 [DEBUG]  There is no applicable rule.
2025-03-09 14:00:16,456 [DEBUG]  [[32m[1mdebug    [0m] [1mrule_policy.actions.find      [0m [36mcurrent_states[0m=[35m
[state 1] user intent: greet | previous action name: action_listen[0m
2025-03-09 14:00:16,456 [DEBUG]  There is no applicable rule.
2025-03-09 14:00:16,456 [DEBUG]  Node 'run_TEDPolicy3' running 'TEDPolicy.predict_action_probabilities'.
2025-03-09 14:00:16,457 [DEBUG]  TED predicted 'utter_greet' based on user intent.
2025-03-09 14:00:16,457 [DEBUG]  Node 'run_UnexpecTEDIntentPolicy2' running 'UnexpecTEDIntentPolicy.predict_action_probabilities'.
2025-03-09 14:00:16,556 [DEBUG]  Querying for intent `greet`.
2025-03-09 14:00:16,556 [DEBUG]  Score for intent `greet` is `2.064258098602295`, while threshold is `-1.296964406967163`.
2025-03-09 14:00:16,556 [DEBUG]  Top 5 intents (in ascending order) that are likely here are: `[('session_start', -1.8861382), ('out_of_scope', -1.8664298), ('mood_unhappy', -1.855918), ('affirm', -1.4607236), ('greet', 2.064258)]`.
2025-03-09 14:00:16,557 [DEBUG]  Node 'select_prediction' running 'DefaultPolicyPredictionEnsemble.combine_predictions_from_kwargs'.
2025-03-09 14:00:16,557 [DEBUG]  Made prediction using user intent.
2025-03-09 14:00:16,557 [DEBUG]  Added `DefinePrevUserUtteredFeaturization(False)` event.
2025-03-09 14:00:16,557 [DEBUG]  Predicted next action using MemoizationPolicy.
2025-03-09 14:00:16,557 [DEBUG]  Predicted next action 'utter_greet' with confidence 1.00.
2025-03-09 14:00:16,557 [DEBUG]  [[32m[1mdebug    [0m] [1mprocessor.actions.policy_prediction[0m [36mprediction_events[0m=[35m[<rasa.shared.core.events.DefinePrevUserUtteredFeaturization object at 0x36d8e99c0>][0m
2025-03-09 14:00:16,557 [DEBUG]  [[32m[1mdebug    [0m] [1mprocessor.actions.log         [0m [36maction_name[0m=[35mutter_greet[0m [36mrasa_events[0m=[35m[BotUttered('Hey! How are you?', {"elements": null, "quick_replies": null, "buttons": null, "attachment": null, "image": null, "custom": null}, {"utter_action": "utter_greet"}, 1741518016.557473)][0m
2025-03-09 14:00:16,557 [DEBUG]  Running graph with inputs: {'__tracker__': <rasa.shared.core.trackers.DialogueStateTracker object at 0x3717ef910>}, targets: ['select_prediction'] and ExecutionContext(model_id='099bbc7ce20f4e05b1dbc5e98de1d274', should_add_diagnostic_data=False, is_finetuning=False, node_name=None).
2025-03-09 14:00:16,557 [DEBUG]  Node 'rule_only_data_provider' running 'RuleOnlyDataProvider.provide'.
2025-03-09 14:00:16,557 [DEBUG]  Node 'domain_provider' running 'DomainProvider.provide_inference'.
2025-03-09 14:00:16,557 [DEBUG]  Node 'run_MemoizationPolicy0' running 'MemoizationPolicy.predict_action_probabilities'.
2025-03-09 14:00:16,558 [DEBUG]  [[32m[1mdebug    [0m] [1mmemoization.predict.actions   [0m [36mtracker_states[0m=[35m[{}, {'user': {'intent': 'greet'}, 'prev_action': {'action_name': 'action_listen'}}, {'user': {'intent': 'greet'}, 'prev_action': {'action_name': 'utter_greet'}}][0m
2025-03-09 14:00:16,558 [DEBUG]  There is a memorised next action 'action_listen'
2025-03-09 14:00:16,558 [DEBUG]  Node 'run_RulePolicy1' running 'RulePolicy.predict_action_probabilities'.
2025-03-09 14:00:16,558 [DEBUG]  [[32m[1mdebug    [0m] [1mrule_policy.actions.find      [0m [36mcurrent_states[0m=[35m
[state 1] user intent: greet | previous action name: action_listen
[state 2] user intent: greet | previous action name: utter_greet[0m
2025-03-09 14:00:16,558 [DEBUG]  There is no applicable rule.
2025-03-09 14:00:16,558 [DEBUG]  Node 'run_TEDPolicy3' running 'TEDPolicy.predict_action_probabilities'.
2025-03-09 14:00:16,559 [DEBUG]  TED predicted 'action_listen' based on user intent.
2025-03-09 14:00:16,559 [DEBUG]  Node 'run_UnexpecTEDIntentPolicy2' running 'UnexpecTEDIntentPolicy.predict_action_probabilities'.
2025-03-09 14:00:16,559 [DEBUG]  Skipping predictions for UnexpecTEDIntentPolicy as either there is no event of type `UserUttered`, event's intent is new and not in domain or there is an event of type `ActionExecuted` after the last `UserUttered`.
2025-03-09 14:00:16,559 [DEBUG]  Node 'select_prediction' running 'DefaultPolicyPredictionEnsemble.combine_predictions_from_kwargs'.
2025-03-09 14:00:16,559 [DEBUG]  Predicted next action using MemoizationPolicy.
2025-03-09 14:00:16,559 [DEBUG]  Predicted next action 'action_listen' with confidence 1.00.
2025-03-09 14:00:16,560 [DEBUG]  [[32m[1mdebug    [0m] [1mprocessor.actions.policy_prediction[0m [36mprediction_events[0m=[35m[][0m
2025-03-09 14:00:16,560 [DEBUG]  [[32m[1mdebug    [0m] [1mprocessor.actions.log         [0m [36maction_name[0m=[35maction_listen[0m [36mrasa_events[0m=[35m[][0m
2025-03-09 14:00:16,560 [DEBUG]  No event broker configured. Skipping streaming events.
2025-03-09 14:00:16,560 [DEBUG]  Deleted lock for conversation 'PractikumStudent'.
2025-03-09 14:00:20,222 [DEBUG]  Issuing ticket for conversation 'PractikumStudent'.
2025-03-09 14:00:20,223 [DEBUG]  Acquiring lock for conversation 'PractikumStudent'.
2025-03-09 14:00:20,223 [DEBUG]  Acquired lock for conversation 'PractikumStudent'.
2025-03-09 14:00:20,223 [DEBUG]  Recreating tracker for id 'PractikumStudent'
2025-03-09 14:00:20,225 [DEBUG]  Running graph with inputs: {'__message__': [<rasa.core.channels.channel.UserMessage object at 0x3455324a0>], '__tracker__': <rasa.shared.core.trackers.DialogueStateTracker object at 0x36f669990>}, targets: ['run_RegexMessageHandler'] and ExecutionContext(model_id='099bbc7ce20f4e05b1dbc5e98de1d274', should_add_diagnostic_data=False, is_finetuning=False, node_name=None).
2025-03-09 14:00:20,226 [DEBUG]  Node 'nlu_message_converter' running 'NLUMessageConverter.convert_user_message'.
2025-03-09 14:00:20,226 [DEBUG]  Node 'run_WhitespaceTokenizer0' running 'WhitespaceTokenizer.process'.
2025-03-09 14:00:20,227 [DEBUG]  Node 'run_RegexFeaturizer1' running 'RegexFeaturizer.process'.
2025-03-09 14:00:20,227 [DEBUG]  Node 'run_LexicalSyntacticFeaturizer2' running 'LexicalSyntacticFeaturizer.process'.
2025-03-09 14:00:20,227 [DEBUG]  Node 'run_CountVectorsFeaturizer3' running 'CountVectorsFeaturizer.process'.
2025-03-09 14:00:20,228 [DEBUG]  Node 'run_CountVectorsFeaturizer4' running 'CountVectorsFeaturizer.process'.
2025-03-09 14:00:20,229 [DEBUG]  Node 'run_DIETClassifier5' running 'DIETClassifier.process'.
2025-03-09 14:00:20,238 [DEBUG]  Node 'run_EntitySynonymMapper6' running 'EntitySynonymMapper.process'.
2025-03-09 14:00:20,238 [DEBUG]  Node 'run_ResponseSelector7' running 'ResponseSelector.process'.
2025-03-09 14:00:20,238 [DEBUG]  There is no trained model for 'ResponseSelector': The component is either not trained or didn't receive enough training data.
2025-03-09 14:00:20,238 [DEBUG]  Adding following selector key to message property: default
2025-03-09 14:00:20,238 [DEBUG]  Node 'run_FallbackClassifier8' running 'FallbackClassifier.process'.
2025-03-09 14:00:20,238 [DEBUG]  The difference in NLU confidences for the top two intents (0.003022223711013794) is lower than the ambiguity threshold 0.10. Predicting intent 'nlu_fallback' instead of 'mood_great'.
2025-03-09 14:00:20,239 [DEBUG]  Node 'domain_provider' running 'DomainProvider.provide_inference'.
2025-03-09 14:00:20,239 [DEBUG]  Node 'run_RegexMessageHandler' running 'RegexMessageHandler.process'.
2025-03-09 14:00:20,239 [DEBUG]  [[32m[1mdebug    [0m] [1mprocessor.message.parse       [0m [36mparse_data_entities[0m=[35m[][0m [36mparse_data_intent[0m=[35m{'name': 'nlu_fallback', 'confidence': 0.3}[0m [36mparse_data_text[0m=[35mAlex[0m
2025-03-09 14:00:20,239 [DEBUG]  Logged UserUtterance - tracker now has 9 events.
2025-03-09 14:00:20,239 [DEBUG]  Validating extracted slots: 
2025-03-09 14:00:20,240 [DEBUG]  [[32m[1mdebug    [0m] [1mprocessor.extract.slots       [0m [36maction_extract_slot[0m=[35maction_extract_slots[0m [36mlen_extraction_events[0m=[35m0[0m [36mrasa_events[0m=[35m[][0m
2025-03-09 14:00:20,240 [DEBUG]  Running graph with inputs: {'__tracker__': <rasa.shared.core.trackers.DialogueStateTracker object at 0x36f669990>}, targets: ['select_prediction'] and ExecutionContext(model_id='099bbc7ce20f4e05b1dbc5e98de1d274', should_add_diagnostic_data=False, is_finetuning=False, node_name=None).
2025-03-09 14:00:20,240 [DEBUG]  Node 'rule_only_data_provider' running 'RuleOnlyDataProvider.provide'.
2025-03-09 14:00:20,240 [DEBUG]  Node 'domain_provider' running 'DomainProvider.provide_inference'.
2025-03-09 14:00:20,240 [DEBUG]  Node 'run_MemoizationPolicy0' running 'MemoizationPolicy.predict_action_probabilities'.
2025-03-09 14:00:20,241 [DEBUG]  [[32m[1mdebug    [0m] [1mmemoization.predict.actions   [0m [36mtracker_states[0m=[35m[{}, {'user': {'intent': 'greet'}, 'prev_action': {'action_name': 'action_listen'}}, {'user': {'intent': 'greet'}, 'prev_action': {'action_name': 'utter_greet'}}, {'user': {'intent': 'nlu_fallback'}, 'prev_action': {'action_name': 'action_listen'}}][0m
2025-03-09 14:00:20,241 [DEBUG]  There is no memorised next action
2025-03-09 14:00:20,241 [DEBUG]  Node 'run_RulePolicy1' running 'RulePolicy.predict_action_probabilities'.
2025-03-09 14:00:20,241 [DEBUG]  [[32m[1mdebug    [0m] [1mrule_policy.actions.find      [0m [36mcurrent_states[0m=[35m
[state 1] user intent: greet | previous action name: action_listen
[state 2] user intent: greet | previous action name: utter_greet
[state 3] user text: Alex | previous action name: action_listen[0m
2025-03-09 14:00:20,241 [DEBUG]  There is no applicable rule.
2025-03-09 14:00:20,242 [DEBUG]  [[32m[1mdebug    [0m] [1mrule_policy.actions.find      [0m [36mcurrent_states[0m=[35m
[state 1] user intent: greet | previous action name: action_listen
[state 2] user intent: greet | previous action name: utter_greet
[state 3] user intent: nlu_fallback | previous action name: action_listen[0m
2025-03-09 14:00:20,242 [DEBUG]  There is no applicable rule.
2025-03-09 14:00:20,242 [DEBUG]  Node 'run_TEDPolicy3' running 'TEDPolicy.predict_action_probabilities'.
2025-03-09 14:00:20,245 [DEBUG]  TED predicted 'utter_greet' based on user intent.
2025-03-09 14:00:20,246 [DEBUG]  Node 'run_UnexpecTEDIntentPolicy2' running 'UnexpecTEDIntentPolicy.predict_action_probabilities'.
2025-03-09 14:00:20,249 [DEBUG]  Querying for intent `nlu_fallback`.
2025-03-09 14:00:20,249 [DEBUG]  Query intent index 8 not found in label thresholds - {0: -1.2660816, 3: -1.3400714, 5: -1.2969644, 6: -0.52519906, 7: -1.2603681}. Check for `action_unlikely_intent` prediction will be skipped.
2025-03-09 14:00:20,249 [DEBUG]  Node 'select_prediction' running 'DefaultPolicyPredictionEnsemble.combine_predictions_from_kwargs'.
2025-03-09 14:00:20,249 [DEBUG]  Made prediction using user intent.
2025-03-09 14:00:20,249 [DEBUG]  Added `DefinePrevUserUtteredFeaturization(False)` event.
2025-03-09 14:00:20,249 [DEBUG]  Predicted next action using RulePolicy.
2025-03-09 14:00:20,249 [DEBUG]  Predicted next action 'action_default_fallback' with confidence 0.30.
2025-03-09 14:00:20,249 [DEBUG]  [[32m[1mdebug    [0m] [1mprocessor.actions.policy_prediction[0m [36mprediction_events[0m=[35m[<rasa.shared.core.events.DefinePrevUserUtteredFeaturization object at 0x36d8e8d00>][0m
2025-03-09 14:00:20,250 [DEBUG]  [[32m[1mdebug    [0m] [1mprocessor.actions.log         [0m [36maction_name[0m=[35maction_default_fallback[0m [36mrasa_events[0m=[35m[<rasa.shared.core.events.UserUtteranceReverted object at 0x36d8e8eb0>][0m
2025-03-09 14:00:20,250 [DEBUG]  [[32m[1mdebug    [0m] [1mprocessor.slots.log           [0m [36mslot_values[0m=[35m	session_started_metadata: None[0m
2025-03-09 14:00:20,250 [DEBUG]  Running graph with inputs: {'__tracker__': <rasa.shared.core.trackers.DialogueStateTracker object at 0x36f669990>}, targets: ['select_prediction'] and ExecutionContext(model_id='099bbc7ce20f4e05b1dbc5e98de1d274', should_add_diagnostic_data=False, is_finetuning=False, node_name=None).
2025-03-09 14:00:20,250 [DEBUG]  Node 'rule_only_data_provider' running 'RuleOnlyDataProvider.provide'.
2025-03-09 14:00:20,250 [DEBUG]  Node 'domain_provider' running 'DomainProvider.provide_inference'.
2025-03-09 14:00:20,250 [DEBUG]  Node 'run_MemoizationPolicy0' running 'MemoizationPolicy.predict_action_probabilities'.
2025-03-09 14:00:20,250 [DEBUG]  [[32m[1mdebug    [0m] [1mmemoization.predict.actions   [0m [36mtracker_states[0m=[35m[{}, {'user': {'intent': 'greet'}, 'prev_action': {'action_name': 'action_listen'}}, {'user': {'intent': 'greet'}, 'prev_action': {'action_name': 'utter_greet'}}][0m
2025-03-09 14:00:20,250 [DEBUG]  There is a memorised next action 'action_listen'
2025-03-09 14:00:20,251 [DEBUG]  Node 'run_RulePolicy1' running 'RulePolicy.predict_action_probabilities'.
2025-03-09 14:00:20,251 [DEBUG]  [[32m[1mdebug    [0m] [1mrule_policy.actions.find      [0m [36mcurrent_states[0m=[35m
[state 1] user intent: greet | previous action name: action_listen
[state 2] user intent: greet | previous action name: utter_greet[0m
2025-03-09 14:00:20,251 [DEBUG]  There is no applicable rule.
2025-03-09 14:00:20,251 [DEBUG]  Node 'run_TEDPolicy3' running 'TEDPolicy.predict_action_probabilities'.
2025-03-09 14:00:20,253 [DEBUG]  TED predicted 'action_listen' based on user intent.
2025-03-09 14:00:20,254 [DEBUG]  Node 'run_UnexpecTEDIntentPolicy2' running 'UnexpecTEDIntentPolicy.predict_action_probabilities'.
2025-03-09 14:00:20,254 [DEBUG]  Skipping predictions for UnexpecTEDIntentPolicy as either there is no event of type `UserUttered`, event's intent is new and not in domain or there is an event of type `ActionExecuted` after the last `UserUttered`.
2025-03-09 14:00:20,254 [DEBUG]  Node 'select_prediction' running 'DefaultPolicyPredictionEnsemble.combine_predictions_from_kwargs'.
2025-03-09 14:00:20,254 [DEBUG]  Predicted next action using MemoizationPolicy.
2025-03-09 14:00:20,254 [DEBUG]  Predicted next action 'action_listen' with confidence 1.00.
2025-03-09 14:00:20,254 [DEBUG]  [[32m[1mdebug    [0m] [1mprocessor.actions.policy_prediction[0m [36mprediction_events[0m=[35m[][0m
2025-03-09 14:00:20,254 [DEBUG]  [[32m[1mdebug    [0m] [1mprocessor.actions.log         [0m [36maction_name[0m=[35maction_listen[0m [36mrasa_events[0m=[35m[][0m
2025-03-09 14:00:20,254 [DEBUG]  No event broker configured. Skipping streaming events.
2025-03-09 14:00:20,255 [DEBUG]  Deleted lock for conversation 'PractikumStudent'.
