2025-03-09 14:41:43,032 [DEBUG]  Available web server routes: 
/conversations/<conversation_id:path>/messages     POST                           add_message
/conversations/<conversation_id:path>/tracker/events POST                           append_events
/webhooks/rasa                                     GET                            custom_webhook_RasaChatInput.health
/webhooks/rasa/webhook                             POST                           custom_webhook_RasaChatInput.receive
/webhooks/rest                                     GET                            custom_webhook_RestInput.health
/webhooks/rest/webhook                             POST                           custom_webhook_RestInput.receive
/model/test/intents                                POST                           evaluate_intents
/model/test/stories                                POST                           evaluate_stories
/conversations/<conversation_id:path>/execute      POST                           execute_action
/domain                                            GET                            get_domain
/                                                  GET                            hello
/model                                             PUT                            load_model
/model/parse                                       POST                           parse
/conversations/<conversation_id:path>/predict      POST                           predict
/conversations/<conversation_id:path>/tracker/events PUT                            replace_events
/conversations/<conversation_id:path>/story        GET                            retrieve_story
/conversations/<conversation_id:path>/tracker      GET                            retrieve_tracker
/status                                            GET                            status
/model/predict                                     POST                           tracker_predict
/model/train                                       POST                           train
/conversations/<conversation_id:path>/trigger_intent POST                           trigger_intent
/model                                             DELETE                         unload_model
/version                                           GET                            version
2025-03-09 14:41:43,033 [INFO ]  Starting Rasa server on http://0.0.0.0:5005
2025-03-09 14:41:43,033 [DEBUG]  Using the default number of Sanic workers (1).
2025-03-09 14:41:43,263 [DEBUG]  Skipping telemetry reporting: no license hash found.
2025-03-09 14:41:43,300 [DEBUG]  Connected to InMemoryTrackerStore.
2025-03-09 14:41:43,300 [DEBUG]  Connected to lock store 'InMemoryLockStore'.
2025-03-09 14:41:43,300 [DEBUG]  Instantiated NLG to 'TemplatedNaturalLanguageGenerator'.
2025-03-09 14:41:43,300 [INFO ]  Loading model models/20250309-144029-bitter-scaffold.tar.gz...
2025-03-09 14:41:43,482 [DEBUG]  Extracted model to '/var/folders/l6/tm6ltvkj5819sqc5nd3t8s5c0000gn/T/tmpaedstwjk'.
2025-03-09 14:41:43,485 [DEBUG]  Node 'nlu_message_converter' loading 'NLUMessageConverter.load' and kwargs: '{}'.
2025-03-09 14:41:43,485 [DEBUG]  Node 'run_WhitespaceTokenizer0' loading 'WhitespaceTokenizer.load' and kwargs: '{}'.
2025-03-09 14:41:43,486 [DEBUG]  Node 'run_RegexFeaturizer1' loading 'RegexFeaturizer.load' and kwargs: '{}'.
2025-03-09 14:41:43,486 [DEBUG]  Resource 'train_RegexFeaturizer1' was requested for reading.
2025-03-09 14:41:43,487 [DEBUG]  Node 'run_LexicalSyntacticFeaturizer2' loading 'LexicalSyntacticFeaturizer.load' and kwargs: '{}'.
2025-03-09 14:41:43,487 [DEBUG]  Resource 'train_LexicalSyntacticFeaturizer2' was requested for reading.
2025-03-09 14:41:43,489 [DEBUG]  Node 'run_CountVectorsFeaturizer3' loading 'CountVectorsFeaturizer.load' and kwargs: '{}'.
2025-03-09 14:41:43,489 [DEBUG]  Resource 'train_CountVectorsFeaturizer3' was requested for reading.
2025-03-09 14:41:43,490 [DEBUG]  Node 'run_LanguageModelFeaturizer4' loading 'LanguageModelFeaturizer.load' and kwargs: '{}'.
2025-03-09 14:41:44,551 [DEBUG]  Loading Tokenizer and Model for bert
2025-03-09 14:41:44,552 [DEBUG]  Starting new HTTPS connection (1): huggingface.co:443
2025-03-09 14:41:45,193 [DEBUG]  https://huggingface.co:443 "HEAD /bert-base-cased/resolve/main/tokenizer_config.json HTTP/1.1" 200 0
2025-03-09 14:41:45,502 [DEBUG]  https://huggingface.co:443 "HEAD /bert-base-cased/resolve/main/config.json HTTP/1.1" 200 0
2025-03-09 14:41:46,003 [DEBUG]  Node 'run_DIETClassifier5' loading 'DIETClassifier.load' and kwargs: '{}'.
2025-03-09 14:41:46,003 [DEBUG]  Resource 'train_DIETClassifier5' was requested for reading.
2025-03-09 14:41:46,009 [DEBUG]  Loading the model from /var/folders/l6/tm6ltvkj5819sqc5nd3t8s5c0000gn/T/tmpa8y4_zo0/train_DIETClassifier5/DIETClassifier.tf_model with finetune_mode=False...
2025-03-09 14:41:46,015 [DEBUG]  You specified 'DIET' to train entities, but no entities are present in the training data. Skipping training of entities.
2025-03-09 14:41:46,023 [DEBUG]  Following metrics will be logged during training: 
2025-03-09 14:41:46,023 [DEBUG]    t_loss (total loss)
2025-03-09 14:41:46,023 [DEBUG]    i_acc (intent acc)
2025-03-09 14:41:46,023 [DEBUG]    i_loss (intent loss)
2025-03-09 14:41:46,038 [WARNI]  At this time, the v2.11+ optimizer `tf.keras.optimizers.Adam` runs slowly on M1/M2 Macs, please use the legacy Keras optimizer instead, located at `tf.keras.optimizers.legacy.Adam`.
2025-03-09 14:41:46,039 [WARNI]  There is a known slowdown when using v2.11+ Keras optimizers on M1/M2 Macs. Falling back to the legacy Keras optimizer, i.e., `tf.keras.optimizers.legacy.Adam`.
2025-03-09 14:41:49,175 [DEBUG]  Finished loading the model.
2025-03-09 14:41:49,176 [DEBUG]  Node 'run_EntitySynonymMapper6' loading 'EntitySynonymMapper.load' and kwargs: '{}'.
2025-03-09 14:41:49,176 [DEBUG]  Resource 'train_EntitySynonymMapper6' was requested for reading.
2025-03-09 14:41:49,176 [DEBUG]  Failed to load ABCMeta from model storage. Resource 'train_EntitySynonymMapper6' doesn't exist.
2025-03-09 14:41:49,176 [DEBUG]  Node 'run_ResponseSelector7' loading 'ResponseSelector.load' and kwargs: '{}'.
2025-03-09 14:41:49,176 [DEBUG]  Resource 'train_ResponseSelector7' was requested for reading.
2025-03-09 14:41:49,176 [DEBUG]  Failed to load ABCMeta from model storage. Resource 'train_ResponseSelector7' doesn't exist.
2025-03-09 14:41:49,176 [DEBUG]  Resource 'train_ResponseSelector7' was requested for reading.
2025-03-09 14:41:49,176 [DEBUG]  Failed to load ResponseSelector from model storage. Resource 'train_ResponseSelector7' doesn't exist.
2025-03-09 14:41:49,176 [DEBUG]  Node 'run_RegexMessageHandler' loading 'RegexMessageHandler.load' and kwargs: '{}'.
2025-03-09 14:41:49,176 [DEBUG]  Node 'domain_provider' loading 'DomainProvider.load' and kwargs: '{}'.
2025-03-09 14:41:49,176 [DEBUG]  Resource 'domain_provider' was requested for reading.
2025-03-09 14:41:49,188 [DEBUG]  Node 'run_MemoizationPolicy0' loading 'MemoizationPolicy.load' and kwargs: '{}'.
2025-03-09 14:41:49,188 [DEBUG]  Resource 'train_MemoizationPolicy0' was requested for reading.
2025-03-09 14:41:49,190 [DEBUG]  Node 'run_RulePolicy1' loading 'RulePolicy.load' and kwargs: '{}'.
2025-03-09 14:41:49,190 [DEBUG]  Resource 'train_RulePolicy1' was requested for reading.
2025-03-09 14:41:49,192 [DEBUG]  Node 'run_TEDPolicy2' loading 'TEDPolicy.load' and kwargs: '{}'.
2025-03-09 14:41:49,192 [DEBUG]  Resource 'train_TEDPolicy2' was requested for reading.
2025-03-09 14:41:49,199 [DEBUG]  Loading the model from /var/folders/l6/tm6ltvkj5819sqc5nd3t8s5c0000gn/T/tmpa8y4_zo0/train_TEDPolicy2/ted_policy.tf_model with finetune_mode=False...
2025-03-09 14:41:49,220 [WARNI]  At this time, the v2.11+ optimizer `tf.keras.optimizers.Adam` runs slowly on M1/M2 Macs, please use the legacy Keras optimizer instead, located at `tf.keras.optimizers.legacy.Adam`.
2025-03-09 14:41:49,221 [WARNI]  There is a known slowdown when using v2.11+ Keras optimizers on M1/M2 Macs. Falling back to the legacy Keras optimizer, i.e., `tf.keras.optimizers.legacy.Adam`.
2025-03-09 14:41:52,185 [DEBUG]  Finished loading the model.
2025-03-09 14:41:52,185 [DEBUG]  Node 'rule_only_data_provider' loading 'RuleOnlyDataProvider.load' and kwargs: '{}'.
2025-03-09 14:41:52,185 [DEBUG]  Resource 'train_RulePolicy1' was requested for reading.
2025-03-09 14:41:52,187 [DEBUG]  Node 'select_prediction' loading 'DefaultPolicyPredictionEnsemble.load' and kwargs: '{}'.
2025-03-09 14:41:52,196 [INFO ]  Rasa server is up and running.
2025-03-09 14:41:52,197 [INFO ]  Enabling coroutine debugging. Loop id 14116721648.
2025-03-09 14:42:25,861 [DEBUG]  Issuing ticket for conversation 'PractikumStudent'.
2025-03-09 14:42:25,861 [DEBUG]  Acquiring lock for conversation 'PractikumStudent'.
2025-03-09 14:42:25,861 [DEBUG]  Acquired lock for conversation 'PractikumStudent'.
2025-03-09 14:42:25,861 [DEBUG]  Could not find tracker for conversation ID 'PractikumStudent'.
2025-03-09 14:42:25,861 [DEBUG]  No event broker configured. Skipping streaming events.
2025-03-09 14:42:25,861 [DEBUG]  Starting a new session for conversation ID 'PractikumStudent'.
2025-03-09 14:42:25,863 [DEBUG]  [[32m[1mdebug    [0m] [1mprocessor.actions.policy_prediction[0m [36mprediction_events[0m=[35m[][0m
2025-03-09 14:42:25,864 [DEBUG]  [[32m[1mdebug    [0m] [1mprocessor.actions.log         [0m [36maction_name[0m=[35maction_session_start[0m [36mrasa_events[0m=[35m[<rasa.shared.core.events.SessionStarted object at 0x38ae67eb0>, ActionExecuted(action: action_listen, policy: None, confidence: None)][0m
2025-03-09 14:42:25,864 [DEBUG]  [[32m[1mdebug    [0m] [1mprocessor.slots.log           [0m [36mslot_values[0m=[35m	topic: None
	session_started_metadata: None[0m
2025-03-09 14:42:25,864 [DEBUG]  Running graph with inputs: {'__message__': [<rasa.core.channels.channel.UserMessage object at 0x1057cedd0>], '__tracker__': <rasa.shared.core.trackers.DialogueStateTracker object at 0x38a17d6c0>}, targets: ['run_RegexMessageHandler'] and ExecutionContext(model_id='a3dc9885eaae4f8a90b2811d13cc67ab', should_add_diagnostic_data=False, is_finetuning=False, node_name=None).
2025-03-09 14:42:25,865 [DEBUG]  Node 'nlu_message_converter' running 'NLUMessageConverter.convert_user_message'.
2025-03-09 14:42:25,865 [DEBUG]  Node 'run_WhitespaceTokenizer0' running 'WhitespaceTokenizer.process'.
2025-03-09 14:42:25,866 [DEBUG]  Node 'run_RegexFeaturizer1' running 'RegexFeaturizer.process'.
2025-03-09 14:42:25,866 [DEBUG]  Node 'run_LexicalSyntacticFeaturizer2' running 'LexicalSyntacticFeaturizer.process'.
2025-03-09 14:42:25,867 [DEBUG]  Node 'run_CountVectorsFeaturizer3' running 'CountVectorsFeaturizer.process'.
2025-03-09 14:42:25,867 [DEBUG]  Node 'run_LanguageModelFeaturizer4' running 'LanguageModelFeaturizer.process'.
2025-03-09 14:42:25,957 [DEBUG]  Node 'run_DIETClassifier5' running 'DIETClassifier.process'.
2025-03-09 14:42:26,047 [DEBUG]  Node 'run_EntitySynonymMapper6' running 'EntitySynonymMapper.process'.
2025-03-09 14:42:26,047 [DEBUG]  Node 'run_ResponseSelector7' running 'ResponseSelector.process'.
2025-03-09 14:42:26,047 [DEBUG]  There is no trained model for 'ResponseSelector': The component is either not trained or didn't receive enough training data.
2025-03-09 14:42:26,047 [DEBUG]  Adding following selector key to message property: default
2025-03-09 14:42:26,047 [DEBUG]  Node 'domain_provider' running 'DomainProvider.provide_inference'.
2025-03-09 14:42:26,047 [DEBUG]  Node 'run_RegexMessageHandler' running 'RegexMessageHandler.process'.
2025-03-09 14:42:26,047 [DEBUG]  [[32m[1mdebug    [0m] [1mprocessor.message.parse       [0m [36mparse_data_entities[0m=[35m[][0m [36mparse_data_intent[0m=[35m{'name': 'greet', 'confidence': 0.9843592047691345}[0m [36mparse_data_text[0m=[35mПривет[0m
2025-03-09 14:42:26,048 [DEBUG]  Logged UserUtterance - tracker now has 4 events.
2025-03-09 14:42:26,049 [DEBUG]  Validating extracted slots: topic
2025-03-09 14:42:26,050 [DEBUG]  [[32m[1mdebug    [0m] [1mprocessor.extract.slots       [0m [36maction_extract_slot[0m=[35maction_extract_slots[0m [36mlen_extraction_events[0m=[35m1[0m [36mrasa_events[0m=[35m[SlotSet(key: topic, value: Привет)][0m
2025-03-09 14:42:26,050 [DEBUG]  Running graph with inputs: {'__tracker__': <rasa.shared.core.trackers.DialogueStateTracker object at 0x38a17d6c0>}, targets: ['select_prediction'] and ExecutionContext(model_id='a3dc9885eaae4f8a90b2811d13cc67ab', should_add_diagnostic_data=False, is_finetuning=False, node_name=None).
2025-03-09 14:42:26,050 [DEBUG]  Node 'rule_only_data_provider' running 'RuleOnlyDataProvider.provide'.
2025-03-09 14:42:26,050 [DEBUG]  Node 'domain_provider' running 'DomainProvider.provide_inference'.
2025-03-09 14:42:26,050 [DEBUG]  Node 'run_MemoizationPolicy0' running 'MemoizationPolicy.predict_action_probabilities'.
2025-03-09 14:42:26,050 [DEBUG]  [[32m[1mdebug    [0m] [1mmemoization.predict.actions   [0m [36mtracker_states[0m=[35m[{}, {'user': {'intent': 'greet'}, 'prev_action': {'action_name': 'action_listen'}}][0m
2025-03-09 14:42:26,050 [DEBUG]  There is a memorised next action 'utter_greet'
2025-03-09 14:42:26,050 [DEBUG]  Node 'run_RulePolicy1' running 'RulePolicy.predict_action_probabilities'.
2025-03-09 14:42:26,050 [DEBUG]  [[32m[1mdebug    [0m] [1mrule_policy.actions.find      [0m [36mcurrent_states[0m=[35m
[state 1] user text: Привет | previous action name: action_listen[0m
2025-03-09 14:42:26,050 [DEBUG]  There is no applicable rule.
2025-03-09 14:42:26,050 [DEBUG]  [[32m[1mdebug    [0m] [1mrule_policy.actions.find      [0m [36mcurrent_states[0m=[35m
[state 1] user intent: greet | previous action name: action_listen[0m
2025-03-09 14:42:26,050 [DEBUG]  There is a rule for the next action 'utter_greet'.
2025-03-09 14:42:26,050 [DEBUG]  Node 'run_TEDPolicy2' running 'TEDPolicy.predict_action_probabilities'.
2025-03-09 14:42:26,052 [DEBUG]  TED predicted 'utter_greet' based on user intent.
2025-03-09 14:42:26,052 [DEBUG]  Node 'select_prediction' running 'DefaultPolicyPredictionEnsemble.combine_predictions_from_kwargs'.
2025-03-09 14:42:26,052 [DEBUG]  Made prediction using user intent.
2025-03-09 14:42:26,052 [DEBUG]  Added `DefinePrevUserUtteredFeaturization(False)` event.
2025-03-09 14:42:26,052 [DEBUG]  Predicted next action using RulePolicy.
2025-03-09 14:42:26,052 [DEBUG]  Predicted next action 'utter_greet' with confidence 1.00.
2025-03-09 14:42:26,052 [DEBUG]  [[32m[1mdebug    [0m] [1mprocessor.actions.policy_prediction[0m [36mprediction_events[0m=[35m[<rasa.shared.core.events.DefinePrevUserUtteredFeaturization object at 0x38f5f5360>][0m
2025-03-09 14:42:26,052 [DEBUG]  [[32m[1mdebug    [0m] [1mprocessor.actions.log         [0m [36maction_name[0m=[35mutter_greet[0m [36mrasa_events[0m=[35m[BotUttered('Привет! Чем могу помочь в области архитектуры программного обеспечения?', {"elements": null, "quick_replies": null, "buttons": null, "attachment": null, "image": null, "custom": null}, {"utter_action": "utter_greet"}, 1741520546.052715)][0m
2025-03-09 14:42:26,052 [DEBUG]  Running graph with inputs: {'__tracker__': <rasa.shared.core.trackers.DialogueStateTracker object at 0x38a17d6c0>}, targets: ['select_prediction'] and ExecutionContext(model_id='a3dc9885eaae4f8a90b2811d13cc67ab', should_add_diagnostic_data=False, is_finetuning=False, node_name=None).
2025-03-09 14:42:26,053 [DEBUG]  Node 'rule_only_data_provider' running 'RuleOnlyDataProvider.provide'.
2025-03-09 14:42:26,053 [DEBUG]  Node 'domain_provider' running 'DomainProvider.provide_inference'.
2025-03-09 14:42:26,053 [DEBUG]  Node 'run_MemoizationPolicy0' running 'MemoizationPolicy.predict_action_probabilities'.
2025-03-09 14:42:26,053 [DEBUG]  [[32m[1mdebug    [0m] [1mmemoization.predict.actions   [0m [36mtracker_states[0m=[35m[{}, {'user': {'intent': 'greet'}, 'prev_action': {'action_name': 'action_listen'}}, {'user': {'intent': 'greet'}, 'prev_action': {'action_name': 'utter_greet'}}][0m
2025-03-09 14:42:26,053 [DEBUG]  There is a memorised next action 'action_listen'
2025-03-09 14:42:26,053 [DEBUG]  Node 'run_RulePolicy1' running 'RulePolicy.predict_action_probabilities'.
2025-03-09 14:42:26,053 [DEBUG]  [[32m[1mdebug    [0m] [1mrule_policy.actions.find      [0m [36mcurrent_states[0m=[35m
[state 1] user intent: greet | previous action name: action_listen
[state 2] user intent: greet | previous action name: utter_greet[0m
2025-03-09 14:42:26,053 [DEBUG]  There is a rule for the next action 'action_listen'.
2025-03-09 14:42:26,053 [DEBUG]  Node 'run_TEDPolicy2' running 'TEDPolicy.predict_action_probabilities'.
2025-03-09 14:42:26,054 [DEBUG]  TED predicted 'action_listen' based on user intent.
2025-03-09 14:42:26,054 [DEBUG]  Node 'select_prediction' running 'DefaultPolicyPredictionEnsemble.combine_predictions_from_kwargs'.
2025-03-09 14:42:26,054 [DEBUG]  Predicted next action using RulePolicy.
2025-03-09 14:42:26,054 [DEBUG]  Predicted next action 'action_listen' with confidence 1.00.
2025-03-09 14:42:26,054 [DEBUG]  [[32m[1mdebug    [0m] [1mprocessor.actions.policy_prediction[0m [36mprediction_events[0m=[35m[][0m
2025-03-09 14:42:26,054 [DEBUG]  [[32m[1mdebug    [0m] [1mprocessor.actions.log         [0m [36maction_name[0m=[35maction_listen[0m [36mrasa_events[0m=[35m[][0m
2025-03-09 14:42:26,055 [DEBUG]  No event broker configured. Skipping streaming events.
2025-03-09 14:42:26,055 [DEBUG]  Deleted lock for conversation 'PractikumStudent'.
2025-03-09 14:43:17,185 [DEBUG]  Issuing ticket for conversation 'PractikumStudent'.
2025-03-09 14:43:17,185 [DEBUG]  Acquiring lock for conversation 'PractikumStudent'.
2025-03-09 14:43:17,186 [DEBUG]  Acquired lock for conversation 'PractikumStudent'.
2025-03-09 14:43:17,186 [DEBUG]  Recreating tracker for id 'PractikumStudent'
2025-03-09 14:43:17,188 [DEBUG]  Running graph with inputs: {'__message__': [<rasa.core.channels.channel.UserMessage object at 0x38a33e770>], '__tracker__': <rasa.shared.core.trackers.DialogueStateTracker object at 0x38a17dc00>}, targets: ['run_RegexMessageHandler'] and ExecutionContext(model_id='a3dc9885eaae4f8a90b2811d13cc67ab', should_add_diagnostic_data=False, is_finetuning=False, node_name=None).
2025-03-09 14:43:17,189 [DEBUG]  Node 'nlu_message_converter' running 'NLUMessageConverter.convert_user_message'.
2025-03-09 14:43:17,189 [DEBUG]  Node 'run_WhitespaceTokenizer0' running 'WhitespaceTokenizer.process'.
2025-03-09 14:43:17,189 [DEBUG]  Node 'run_RegexFeaturizer1' running 'RegexFeaturizer.process'.
2025-03-09 14:43:17,190 [DEBUG]  Node 'run_LexicalSyntacticFeaturizer2' running 'LexicalSyntacticFeaturizer.process'.
2025-03-09 14:43:17,190 [DEBUG]  Node 'run_CountVectorsFeaturizer3' running 'CountVectorsFeaturizer.process'.
2025-03-09 14:43:17,191 [DEBUG]  Node 'run_LanguageModelFeaturizer4' running 'LanguageModelFeaturizer.process'.
2025-03-09 14:43:17,293 [DEBUG]  Node 'run_DIETClassifier5' running 'DIETClassifier.process'.
2025-03-09 14:43:17,296 [DEBUG]  Node 'run_EntitySynonymMapper6' running 'EntitySynonymMapper.process'.
2025-03-09 14:43:17,296 [DEBUG]  Node 'run_ResponseSelector7' running 'ResponseSelector.process'.
2025-03-09 14:43:17,296 [DEBUG]  There is no trained model for 'ResponseSelector': The component is either not trained or didn't receive enough training data.
2025-03-09 14:43:17,296 [DEBUG]  Adding following selector key to message property: default
2025-03-09 14:43:17,296 [DEBUG]  Node 'domain_provider' running 'DomainProvider.provide_inference'.
2025-03-09 14:43:17,296 [DEBUG]  Node 'run_RegexMessageHandler' running 'RegexMessageHandler.process'.
2025-03-09 14:43:17,296 [DEBUG]  [[32m[1mdebug    [0m] [1mprocessor.message.parse       [0m [36mparse_data_entities[0m=[35m[][0m [36mparse_data_intent[0m=[35m{'name': 'ask_architecture', 'confidence': 0.9994410872459412}[0m [36mparse_data_text[0m=[35mРасскажите об архитектуре ПО[0m
2025-03-09 14:43:17,296 [DEBUG]  Logged UserUtterance - tracker now has 10 events.
2025-03-09 14:43:17,296 [DEBUG]  Validating extracted slots: topic
2025-03-09 14:43:17,296 [DEBUG]  [[32m[1mdebug    [0m] [1mprocessor.extract.slots       [0m [36maction_extract_slot[0m=[35maction_extract_slots[0m [36mlen_extraction_events[0m=[35m1[0m [36mrasa_events[0m=[35m[SlotSet(key: topic, value: Расскажите об архитектуре ПО)][0m
2025-03-09 14:43:17,296 [DEBUG]  Running graph with inputs: {'__tracker__': <rasa.shared.core.trackers.DialogueStateTracker object at 0x38a17dc00>}, targets: ['select_prediction'] and ExecutionContext(model_id='a3dc9885eaae4f8a90b2811d13cc67ab', should_add_diagnostic_data=False, is_finetuning=False, node_name=None).
2025-03-09 14:43:17,297 [DEBUG]  Node 'rule_only_data_provider' running 'RuleOnlyDataProvider.provide'.
2025-03-09 14:43:17,297 [DEBUG]  Node 'domain_provider' running 'DomainProvider.provide_inference'.
2025-03-09 14:43:17,297 [DEBUG]  Node 'run_MemoizationPolicy0' running 'MemoizationPolicy.predict_action_probabilities'.
2025-03-09 14:43:17,297 [DEBUG]  [[32m[1mdebug    [0m] [1mmemoization.predict.actions   [0m [36mtracker_states[0m=[35m[{}, {'user': {'intent': 'greet'}, 'prev_action': {'action_name': 'action_listen'}}, {'user': {'intent': 'greet'}, 'prev_action': {'action_name': 'utter_greet'}}, {'user': {'intent': 'ask_architecture'}, 'prev_action': {'action_name': 'action_listen'}}][0m
2025-03-09 14:43:17,297 [DEBUG]  There is a memorised next action 'utter_architecture_response'
2025-03-09 14:43:17,297 [DEBUG]  Node 'run_RulePolicy1' running 'RulePolicy.predict_action_probabilities'.
2025-03-09 14:43:17,297 [DEBUG]  [[32m[1mdebug    [0m] [1mrule_policy.actions.find      [0m [36mcurrent_states[0m=[35m
[state 1] user intent: greet | previous action name: action_listen
[state 2] user intent: greet | previous action name: utter_greet
[state 3] user text: Расскажите об архитектуре ПО | previous action name: action_listen[0m
2025-03-09 14:43:17,297 [DEBUG]  There is no applicable rule.
2025-03-09 14:43:17,297 [DEBUG]  [[32m[1mdebug    [0m] [1mrule_policy.actions.find      [0m [36mcurrent_states[0m=[35m
[state 1] user intent: greet | previous action name: action_listen
[state 2] user intent: greet | previous action name: utter_greet
[state 3] user intent: ask_architecture | previous action name: action_listen[0m
2025-03-09 14:43:17,297 [DEBUG]  There is a rule for the next action 'utter_architecture_response'.
2025-03-09 14:43:17,297 [DEBUG]  Node 'run_TEDPolicy2' running 'TEDPolicy.predict_action_probabilities'.
2025-03-09 14:43:17,299 [DEBUG]  TED predicted 'utter_architecture_response' based on user intent.
2025-03-09 14:43:17,299 [DEBUG]  Node 'select_prediction' running 'DefaultPolicyPredictionEnsemble.combine_predictions_from_kwargs'.
2025-03-09 14:43:17,299 [DEBUG]  Made prediction using user intent.
2025-03-09 14:43:17,299 [DEBUG]  Added `DefinePrevUserUtteredFeaturization(False)` event.
2025-03-09 14:43:17,299 [DEBUG]  Predicted next action using RulePolicy.
2025-03-09 14:43:17,299 [DEBUG]  Predicted next action 'utter_architecture_response' with confidence 1.00.
2025-03-09 14:43:17,299 [DEBUG]  [[32m[1mdebug    [0m] [1mprocessor.actions.policy_prediction[0m [36mprediction_events[0m=[35m[<rasa.shared.core.events.DefinePrevUserUtteredFeaturization object at 0x38a09ba60>][0m
2025-03-09 14:43:17,299 [DEBUG]  [[32m[1mdebug    [0m] [1mprocessor.actions.log         [0m [36maction_name[0m=[35mutter_architecture_response[0m [36mrasa_events[0m=[35m[BotUttered('Архитектура ПО включает выбор структур, которые обеспечивают масштабируемость, гибкость и поддерживаемость приложения. Задайте конкретный вопрос по этой теме, и я помогу вам с информацией.', {"elements": null, "quick_replies": null, "buttons": null, "attachment": null, "image": null, "custom": null}, {"utter_action": "utter_architecture_response"}, 1741520597.299408)][0m
2025-03-09 14:43:17,299 [DEBUG]  Running graph with inputs: {'__tracker__': <rasa.shared.core.trackers.DialogueStateTracker object at 0x38a17dc00>}, targets: ['select_prediction'] and ExecutionContext(model_id='a3dc9885eaae4f8a90b2811d13cc67ab', should_add_diagnostic_data=False, is_finetuning=False, node_name=None).
2025-03-09 14:43:17,299 [DEBUG]  Node 'rule_only_data_provider' running 'RuleOnlyDataProvider.provide'.
2025-03-09 14:43:17,299 [DEBUG]  Node 'domain_provider' running 'DomainProvider.provide_inference'.
2025-03-09 14:43:17,299 [DEBUG]  Node 'run_MemoizationPolicy0' running 'MemoizationPolicy.predict_action_probabilities'.
2025-03-09 14:43:17,299 [DEBUG]  [[32m[1mdebug    [0m] [1mmemoization.predict.actions   [0m [36mtracker_states[0m=[35m[{}, {'user': {'intent': 'greet'}, 'prev_action': {'action_name': 'action_listen'}}, {'user': {'intent': 'greet'}, 'prev_action': {'action_name': 'utter_greet'}}, {'user': {'intent': 'ask_architecture'}, 'prev_action': {'action_name': 'action_listen'}}, {'user': {'intent': 'ask_architecture'}, 'prev_action': {'action_name': 'utter_architecture_response'}}][0m
2025-03-09 14:43:17,299 [DEBUG]  There is a memorised next action 'action_listen'
2025-03-09 14:43:17,300 [DEBUG]  Node 'run_RulePolicy1' running 'RulePolicy.predict_action_probabilities'.
2025-03-09 14:43:17,300 [DEBUG]  [[32m[1mdebug    [0m] [1mrule_policy.actions.find      [0m [36mcurrent_states[0m=[35m
[state 1] user intent: greet | previous action name: action_listen
[state 2] user intent: greet | previous action name: utter_greet
[state 3] user intent: ask_architecture | previous action name: action_listen
[state 4] user intent: ask_architecture | previous action name: utter_architecture_response[0m
2025-03-09 14:43:17,300 [DEBUG]  There is a rule for the next action 'action_listen'.
2025-03-09 14:43:17,300 [DEBUG]  Node 'run_TEDPolicy2' running 'TEDPolicy.predict_action_probabilities'.
2025-03-09 14:43:17,301 [DEBUG]  TED predicted 'action_listen' based on user intent.
2025-03-09 14:43:17,301 [DEBUG]  Node 'select_prediction' running 'DefaultPolicyPredictionEnsemble.combine_predictions_from_kwargs'.
2025-03-09 14:43:17,301 [DEBUG]  Predicted next action using RulePolicy.
2025-03-09 14:43:17,301 [DEBUG]  Predicted next action 'action_listen' with confidence 1.00.
2025-03-09 14:43:17,301 [DEBUG]  [[32m[1mdebug    [0m] [1mprocessor.actions.policy_prediction[0m [36mprediction_events[0m=[35m[][0m
2025-03-09 14:43:17,301 [DEBUG]  [[32m[1mdebug    [0m] [1mprocessor.actions.log         [0m [36maction_name[0m=[35maction_listen[0m [36mrasa_events[0m=[35m[][0m
2025-03-09 14:43:17,301 [DEBUG]  No event broker configured. Skipping streaming events.
2025-03-09 14:43:17,301 [DEBUG]  Deleted lock for conversation 'PractikumStudent'.
2025-03-09 14:43:38,267 [DEBUG]  Issuing ticket for conversation 'PractikumStudent'.
2025-03-09 14:43:38,267 [DEBUG]  Acquiring lock for conversation 'PractikumStudent'.
2025-03-09 14:43:38,268 [DEBUG]  Acquired lock for conversation 'PractikumStudent'.
2025-03-09 14:43:38,269 [DEBUG]  Recreating tracker for id 'PractikumStudent'
2025-03-09 14:43:38,271 [DEBUG]  Running graph with inputs: {'__message__': [<rasa.core.channels.channel.UserMessage object at 0x1057cedd0>], '__tracker__': <rasa.shared.core.trackers.DialogueStateTracker object at 0x38a17dc00>}, targets: ['run_RegexMessageHandler'] and ExecutionContext(model_id='a3dc9885eaae4f8a90b2811d13cc67ab', should_add_diagnostic_data=False, is_finetuning=False, node_name=None).
2025-03-09 14:43:38,271 [DEBUG]  Node 'nlu_message_converter' running 'NLUMessageConverter.convert_user_message'.
2025-03-09 14:43:38,272 [DEBUG]  Node 'run_WhitespaceTokenizer0' running 'WhitespaceTokenizer.process'.
2025-03-09 14:43:38,272 [DEBUG]  Node 'run_RegexFeaturizer1' running 'RegexFeaturizer.process'.
2025-03-09 14:43:38,272 [DEBUG]  Node 'run_LexicalSyntacticFeaturizer2' running 'LexicalSyntacticFeaturizer.process'.
2025-03-09 14:43:38,273 [DEBUG]  Node 'run_CountVectorsFeaturizer3' running 'CountVectorsFeaturizer.process'.
2025-03-09 14:43:38,274 [DEBUG]  Node 'run_LanguageModelFeaturizer4' running 'LanguageModelFeaturizer.process'.
2025-03-09 14:43:38,364 [DEBUG]  Node 'run_DIETClassifier5' running 'DIETClassifier.process'.
2025-03-09 14:43:38,367 [DEBUG]  Node 'run_EntitySynonymMapper6' running 'EntitySynonymMapper.process'.
2025-03-09 14:43:38,367 [DEBUG]  Node 'run_ResponseSelector7' running 'ResponseSelector.process'.
2025-03-09 14:43:38,367 [DEBUG]  There is no trained model for 'ResponseSelector': The component is either not trained or didn't receive enough training data.
2025-03-09 14:43:38,367 [DEBUG]  Adding following selector key to message property: default
2025-03-09 14:43:38,367 [DEBUG]  Node 'domain_provider' running 'DomainProvider.provide_inference'.
2025-03-09 14:43:38,367 [DEBUG]  Node 'run_RegexMessageHandler' running 'RegexMessageHandler.process'.
2025-03-09 14:43:38,367 [DEBUG]  [[32m[1mdebug    [0m] [1mprocessor.message.parse       [0m [36mparse_data_entities[0m=[35m[][0m [36mparse_data_intent[0m=[35m{'name': 'ask_architecture', 'confidence': 0.9998136162757874}[0m [36mparse_data_text[0m=[35mКакие подходы существуют в архитектуре?[0m
2025-03-09 14:43:38,367 [DEBUG]  Logged UserUtterance - tracker now has 16 events.
2025-03-09 14:43:38,368 [DEBUG]  Validating extracted slots: topic
2025-03-09 14:43:38,368 [DEBUG]  [[32m[1mdebug    [0m] [1mprocessor.extract.slots       [0m [36maction_extract_slot[0m=[35maction_extract_slots[0m [36mlen_extraction_events[0m=[35m1[0m [36mrasa_events[0m=[35m[SlotSet(key: topic, value: Какие подходы существуют в архитектуре?)][0m
2025-03-09 14:43:38,368 [DEBUG]  Running graph with inputs: {'__tracker__': <rasa.shared.core.trackers.DialogueStateTracker object at 0x38a17dc00>}, targets: ['select_prediction'] and ExecutionContext(model_id='a3dc9885eaae4f8a90b2811d13cc67ab', should_add_diagnostic_data=False, is_finetuning=False, node_name=None).
2025-03-09 14:43:38,368 [DEBUG]  Node 'rule_only_data_provider' running 'RuleOnlyDataProvider.provide'.
2025-03-09 14:43:38,368 [DEBUG]  Node 'domain_provider' running 'DomainProvider.provide_inference'.
2025-03-09 14:43:38,368 [DEBUG]  Node 'run_MemoizationPolicy0' running 'MemoizationPolicy.predict_action_probabilities'.
2025-03-09 14:43:38,368 [DEBUG]  [[32m[1mdebug    [0m] [1mmemoization.predict.actions   [0m [36mtracker_states[0m=[35m[{'user': {'intent': 'greet'}, 'prev_action': {'action_name': 'action_listen'}}, {'user': {'intent': 'greet'}, 'prev_action': {'action_name': 'utter_greet'}}, {'user': {'intent': 'ask_architecture'}, 'prev_action': {'action_name': 'action_listen'}}, {'user': {'intent': 'ask_architecture'}, 'prev_action': {'action_name': 'utter_architecture_response'}}, {'user': {'intent': 'ask_architecture'}, 'prev_action': {'action_name': 'action_listen'}}][0m
2025-03-09 14:43:38,368 [DEBUG]  There is no memorised next action
2025-03-09 14:43:38,368 [DEBUG]  Node 'run_RulePolicy1' running 'RulePolicy.predict_action_probabilities'.
2025-03-09 14:43:38,368 [DEBUG]  [[32m[1mdebug    [0m] [1mrule_policy.actions.find      [0m [36mcurrent_states[0m=[35m
[state 1] user intent: greet | previous action name: action_listen
[state 2] user intent: greet | previous action name: utter_greet
[state 3] user intent: ask_architecture | previous action name: action_listen
[state 4] user intent: ask_architecture | previous action name: utter_architecture_response
[state 5] user text: Какие подходы существуют в архитектуре? | previous action name: action_listen[0m
2025-03-09 14:43:38,368 [DEBUG]  There is no applicable rule.
2025-03-09 14:43:38,368 [DEBUG]  [[32m[1mdebug    [0m] [1mrule_policy.actions.find      [0m [36mcurrent_states[0m=[35m
[state 1] user intent: greet | previous action name: action_listen
[state 2] user intent: greet | previous action name: utter_greet
[state 3] user intent: ask_architecture | previous action name: action_listen
[state 4] user intent: ask_architecture | previous action name: utter_architecture_response
[state 5] user intent: ask_architecture | previous action name: action_listen[0m
2025-03-09 14:43:38,368 [DEBUG]  There is a rule for the next action 'utter_architecture_response'.
2025-03-09 14:43:38,369 [DEBUG]  Node 'run_TEDPolicy2' running 'TEDPolicy.predict_action_probabilities'.
2025-03-09 14:43:38,370 [DEBUG]  TED predicted 'utter_architecture_response' based on user intent.
2025-03-09 14:43:38,370 [DEBUG]  Node 'select_prediction' running 'DefaultPolicyPredictionEnsemble.combine_predictions_from_kwargs'.
2025-03-09 14:43:38,370 [DEBUG]  Made prediction using user intent.
2025-03-09 14:43:38,370 [DEBUG]  Added `DefinePrevUserUtteredFeaturization(False)` event.
2025-03-09 14:43:38,370 [DEBUG]  Predicted next action using RulePolicy.
2025-03-09 14:43:38,370 [DEBUG]  Predicted next action 'utter_architecture_response' with confidence 1.00.
2025-03-09 14:43:38,370 [DEBUG]  [[32m[1mdebug    [0m] [1mprocessor.actions.policy_prediction[0m [36mprediction_events[0m=[35m[<rasa.shared.core.events.DefinePrevUserUtteredFeaturization object at 0x38f916200>][0m
2025-03-09 14:43:38,371 [DEBUG]  [[32m[1mdebug    [0m] [1mprocessor.actions.log         [0m [36maction_name[0m=[35mutter_architecture_response[0m [36mrasa_events[0m=[35m[BotUttered('Архитектура ПО включает выбор структур, которые обеспечивают масштабируемость, гибкость и поддерживаемость приложения. Задайте конкретный вопрос по этой теме, и я помогу вам с информацией.', {"elements": null, "quick_replies": null, "buttons": null, "attachment": null, "image": null, "custom": null}, {"utter_action": "utter_architecture_response"}, 1741520618.370888)][0m
2025-03-09 14:43:38,371 [DEBUG]  Running graph with inputs: {'__tracker__': <rasa.shared.core.trackers.DialogueStateTracker object at 0x38a17dc00>}, targets: ['select_prediction'] and ExecutionContext(model_id='a3dc9885eaae4f8a90b2811d13cc67ab', should_add_diagnostic_data=False, is_finetuning=False, node_name=None).
2025-03-09 14:43:38,371 [DEBUG]  Node 'rule_only_data_provider' running 'RuleOnlyDataProvider.provide'.
2025-03-09 14:43:38,371 [DEBUG]  Node 'domain_provider' running 'DomainProvider.provide_inference'.
2025-03-09 14:43:38,371 [DEBUG]  Node 'run_MemoizationPolicy0' running 'MemoizationPolicy.predict_action_probabilities'.
2025-03-09 14:43:38,371 [DEBUG]  [[32m[1mdebug    [0m] [1mmemoization.predict.actions   [0m [36mtracker_states[0m=[35m[{'user': {'intent': 'greet'}, 'prev_action': {'action_name': 'utter_greet'}}, {'user': {'intent': 'ask_architecture'}, 'prev_action': {'action_name': 'action_listen'}}, {'user': {'intent': 'ask_architecture'}, 'prev_action': {'action_name': 'utter_architecture_response'}}, {'user': {'intent': 'ask_architecture'}, 'prev_action': {'action_name': 'action_listen'}}, {'user': {'intent': 'ask_architecture'}, 'prev_action': {'action_name': 'utter_architecture_response'}}][0m
2025-03-09 14:43:38,371 [DEBUG]  There is no memorised next action
2025-03-09 14:43:38,371 [DEBUG]  Node 'run_RulePolicy1' running 'RulePolicy.predict_action_probabilities'.
2025-03-09 14:43:38,371 [DEBUG]  [[32m[1mdebug    [0m] [1mrule_policy.actions.find      [0m [36mcurrent_states[0m=[35m
[state 1] user intent: greet | previous action name: action_listen
[state 2] user intent: greet | previous action name: utter_greet
[state 3] user intent: ask_architecture | previous action name: action_listen
[state 4] user intent: ask_architecture | previous action name: utter_architecture_response
[state 5] user intent: ask_architecture | previous action name: action_listen
[state 6] user intent: ask_architecture | previous action name: utter_architecture_response[0m
2025-03-09 14:43:38,371 [DEBUG]  There is a rule for the next action 'action_listen'.
2025-03-09 14:43:38,371 [DEBUG]  Node 'run_TEDPolicy2' running 'TEDPolicy.predict_action_probabilities'.
2025-03-09 14:43:38,373 [DEBUG]  TED predicted 'action_listen' based on user intent.
2025-03-09 14:43:38,373 [DEBUG]  Node 'select_prediction' running 'DefaultPolicyPredictionEnsemble.combine_predictions_from_kwargs'.
2025-03-09 14:43:38,373 [DEBUG]  Predicted next action using RulePolicy.
2025-03-09 14:43:38,373 [DEBUG]  Predicted next action 'action_listen' with confidence 1.00.
2025-03-09 14:43:38,373 [DEBUG]  [[32m[1mdebug    [0m] [1mprocessor.actions.policy_prediction[0m [36mprediction_events[0m=[35m[][0m
2025-03-09 14:43:38,373 [DEBUG]  [[32m[1mdebug    [0m] [1mprocessor.actions.log         [0m [36maction_name[0m=[35maction_listen[0m [36mrasa_events[0m=[35m[][0m
2025-03-09 14:43:38,373 [DEBUG]  No event broker configured. Skipping streaming events.
2025-03-09 14:43:38,373 [DEBUG]  Deleted lock for conversation 'PractikumStudent'.
