2025-03-09 14:13:57,155 [DEBUG]  Available web server routes: 
/conversations/<conversation_id:path>/messages     POST                           add_message
/conversations/<conversation_id:path>/tracker/events POST                           append_events
/webhooks/rasa                                     GET                            custom_webhook_RasaChatInput.health
/webhooks/rasa/webhook                             POST                           custom_webhook_RasaChatInput.receive
/webhooks/rest                                     GET                            custom_webhook_RestInput.health
/webhooks/rest/webhook                             POST                           custom_webhook_RestInput.receive
/model/test/intents                                POST                           evaluate_intents
/model/test/stories                                POST                           evaluate_stories
/conversations/<conversation_id:path>/execute      POST                           execute_action
/domain                                            GET                            get_domain
/                                                  GET                            hello
/model                                             PUT                            load_model
/model/parse                                       POST                           parse
/conversations/<conversation_id:path>/predict      POST                           predict
/conversations/<conversation_id:path>/tracker/events PUT                            replace_events
/conversations/<conversation_id:path>/story        GET                            retrieve_story
/conversations/<conversation_id:path>/tracker      GET                            retrieve_tracker
/status                                            GET                            status
/model/predict                                     POST                           tracker_predict
/model/train                                       POST                           train
/conversations/<conversation_id:path>/trigger_intent POST                           trigger_intent
/model                                             DELETE                         unload_model
/version                                           GET                            version
2025-03-09 14:13:57,156 [INFO ]  Starting Rasa server on http://0.0.0.0:5005
2025-03-09 14:13:57,156 [DEBUG]  Using the default number of Sanic workers (1).
2025-03-09 14:13:57,223 [DEBUG]  Skipping telemetry reporting: no license hash found.
2025-03-09 14:13:57,264 [DEBUG]  Connected to InMemoryTrackerStore.
2025-03-09 14:13:57,264 [DEBUG]  Connected to lock store 'InMemoryLockStore'.
2025-03-09 14:13:57,264 [DEBUG]  Instantiated NLG to 'TemplatedNaturalLanguageGenerator'.
2025-03-09 14:13:57,264 [INFO ]  Loading model models/20250309-141324-windy-wax.tar.gz...
2025-03-09 14:13:57,291 [DEBUG]  Extracted model to '/var/folders/l6/tm6ltvkj5819sqc5nd3t8s5c0000gn/T/tmp002ccsgu'.
2025-03-09 14:13:57,294 [DEBUG]  Node 'nlu_message_converter' loading 'NLUMessageConverter.load' and kwargs: '{}'.
2025-03-09 14:13:57,294 [DEBUG]  Node 'run_WhitespaceTokenizer0' loading 'WhitespaceTokenizer.load' and kwargs: '{}'.
2025-03-09 14:13:57,295 [DEBUG]  Node 'run_RegexFeaturizer1' loading 'RegexFeaturizer.load' and kwargs: '{}'.
2025-03-09 14:13:57,296 [DEBUG]  Resource 'train_RegexFeaturizer1' was requested for reading.
2025-03-09 14:13:57,296 [DEBUG]  Node 'run_LexicalSyntacticFeaturizer2' loading 'LexicalSyntacticFeaturizer.load' and kwargs: '{}'.
2025-03-09 14:13:57,296 [DEBUG]  Resource 'train_LexicalSyntacticFeaturizer2' was requested for reading.
2025-03-09 14:13:57,297 [DEBUG]  Node 'run_CountVectorsFeaturizer3' loading 'CountVectorsFeaturizer.load' and kwargs: '{}'.
2025-03-09 14:13:57,297 [DEBUG]  Resource 'train_CountVectorsFeaturizer3' was requested for reading.
2025-03-09 14:13:57,298 [DEBUG]  Node 'run_LanguageModelFeaturizer4' loading 'LanguageModelFeaturizer.load' and kwargs: '{}'.
2025-03-09 14:13:57,862 [DEBUG]  Loading Tokenizer and Model for bert
2025-03-09 14:13:57,863 [DEBUG]  Starting new HTTPS connection (1): huggingface.co:443
2025-03-09 14:13:59,069 [DEBUG]  https://huggingface.co:443 "HEAD /bert-base-cased/resolve/main/tokenizer_config.json HTTP/1.1" 200 0
2025-03-09 14:13:59,587 [DEBUG]  https://huggingface.co:443 "HEAD /bert-base-cased/resolve/main/config.json HTTP/1.1" 200 0
2025-03-09 14:14:00,080 [DEBUG]  Node 'run_DIETClassifier5' loading 'DIETClassifier.load' and kwargs: '{}'.
2025-03-09 14:14:00,080 [DEBUG]  Resource 'train_DIETClassifier5' was requested for reading.
2025-03-09 14:14:00,084 [DEBUG]  Loading the model from /var/folders/l6/tm6ltvkj5819sqc5nd3t8s5c0000gn/T/tmpew0px5p9/train_DIETClassifier5/DIETClassifier.tf_model with finetune_mode=False...
2025-03-09 14:14:00,091 [DEBUG]  You specified 'DIET' to train entities, but no entities are present in the training data. Skipping training of entities.
2025-03-09 14:14:00,101 [DEBUG]  Following metrics will be logged during training: 
2025-03-09 14:14:00,101 [DEBUG]    t_loss (total loss)
2025-03-09 14:14:00,101 [DEBUG]    i_acc (intent acc)
2025-03-09 14:14:00,101 [DEBUG]    i_loss (intent loss)
2025-03-09 14:14:00,111 [WARNI]  At this time, the v2.11+ optimizer `tf.keras.optimizers.Adam` runs slowly on M1/M2 Macs, please use the legacy Keras optimizer instead, located at `tf.keras.optimizers.legacy.Adam`.
2025-03-09 14:14:00,113 [WARNI]  There is a known slowdown when using v2.11+ Keras optimizers on M1/M2 Macs. Falling back to the legacy Keras optimizer, i.e., `tf.keras.optimizers.legacy.Adam`.
2025-03-09 14:14:02,413 [DEBUG]  Finished loading the model.
2025-03-09 14:14:02,414 [DEBUG]  Node 'run_EntitySynonymMapper6' loading 'EntitySynonymMapper.load' and kwargs: '{}'.
2025-03-09 14:14:02,414 [DEBUG]  Resource 'train_EntitySynonymMapper6' was requested for reading.
2025-03-09 14:14:02,414 [DEBUG]  Failed to load ABCMeta from model storage. Resource 'train_EntitySynonymMapper6' doesn't exist.
2025-03-09 14:14:02,414 [DEBUG]  Node 'run_ResponseSelector7' loading 'ResponseSelector.load' and kwargs: '{}'.
2025-03-09 14:14:02,414 [DEBUG]  Resource 'train_ResponseSelector7' was requested for reading.
2025-03-09 14:14:02,414 [DEBUG]  Failed to load ABCMeta from model storage. Resource 'train_ResponseSelector7' doesn't exist.
2025-03-09 14:14:02,414 [DEBUG]  Resource 'train_ResponseSelector7' was requested for reading.
2025-03-09 14:14:02,414 [DEBUG]  Failed to load ResponseSelector from model storage. Resource 'train_ResponseSelector7' doesn't exist.
2025-03-09 14:14:02,414 [DEBUG]  Node 'run_RegexMessageHandler' loading 'RegexMessageHandler.load' and kwargs: '{}'.
2025-03-09 14:14:02,414 [DEBUG]  Node 'domain_provider' loading 'DomainProvider.load' and kwargs: '{}'.
2025-03-09 14:14:02,414 [DEBUG]  Resource 'domain_provider' was requested for reading.
2025-03-09 14:14:02,425 [DEBUG]  Node 'run_MemoizationPolicy0' loading 'MemoizationPolicy.load' and kwargs: '{}'.
2025-03-09 14:14:02,425 [DEBUG]  Resource 'train_MemoizationPolicy0' was requested for reading.
2025-03-09 14:14:02,428 [DEBUG]  Node 'run_RulePolicy1' loading 'RulePolicy.load' and kwargs: '{}'.
2025-03-09 14:14:02,428 [DEBUG]  Resource 'train_RulePolicy1' was requested for reading.
2025-03-09 14:14:02,430 [DEBUG]  Node 'run_TEDPolicy2' loading 'TEDPolicy.load' and kwargs: '{}'.
2025-03-09 14:14:02,430 [DEBUG]  Resource 'train_TEDPolicy2' was requested for reading.
2025-03-09 14:14:02,434 [DEBUG]  Loading the model from /var/folders/l6/tm6ltvkj5819sqc5nd3t8s5c0000gn/T/tmpew0px5p9/train_TEDPolicy2/ted_policy.tf_model with finetune_mode=False...
2025-03-09 14:14:02,453 [WARNI]  At this time, the v2.11+ optimizer `tf.keras.optimizers.Adam` runs slowly on M1/M2 Macs, please use the legacy Keras optimizer instead, located at `tf.keras.optimizers.legacy.Adam`.
2025-03-09 14:14:02,454 [WARNI]  There is a known slowdown when using v2.11+ Keras optimizers on M1/M2 Macs. Falling back to the legacy Keras optimizer, i.e., `tf.keras.optimizers.legacy.Adam`.
2025-03-09 14:14:05,429 [DEBUG]  Finished loading the model.
2025-03-09 14:14:05,429 [DEBUG]  Node 'rule_only_data_provider' loading 'RuleOnlyDataProvider.load' and kwargs: '{}'.
2025-03-09 14:14:05,429 [DEBUG]  Resource 'train_RulePolicy1' was requested for reading.
2025-03-09 14:14:05,431 [DEBUG]  Node 'select_prediction' loading 'DefaultPolicyPredictionEnsemble.load' and kwargs: '{}'.
2025-03-09 14:14:05,438 [INFO ]  Rasa server is up and running.
2025-03-09 14:14:05,439 [ERROR]  Unable to start server
Traceback (most recent call last):
  File "/Users/assemenov/ya/architecture-sprint-5/rasa_env/lib/python3.10/site-packages/sanic/server/runners.py", line 133, in serve
    http_server = loop.run_until_complete(server_coroutine)
  File "/opt/homebrew/Cellar/python@3.10/3.10.16/Frameworks/Python.framework/Versions/3.10/lib/python3.10/asyncio/base_events.py", line 649, in run_until_complete
    return future.result()
  File "/opt/homebrew/Cellar/python@3.10/3.10.16/Frameworks/Python.framework/Versions/3.10/lib/python3.10/asyncio/base_events.py", line 1519, in create_server
    raise OSError(err.errno, 'error while attempting '
OSError: [Errno 48] error while attempting to bind on address ('0.0.0.0', 5005): address already in use
2025-03-09 14:14:49,871 [DEBUG]  Available web server routes: 
/conversations/<conversation_id:path>/messages     POST                           add_message
/conversations/<conversation_id:path>/tracker/events POST                           append_events
/webhooks/rasa                                     GET                            custom_webhook_RasaChatInput.health
/webhooks/rasa/webhook                             POST                           custom_webhook_RasaChatInput.receive
/webhooks/rest                                     GET                            custom_webhook_RestInput.health
/webhooks/rest/webhook                             POST                           custom_webhook_RestInput.receive
/model/test/intents                                POST                           evaluate_intents
/model/test/stories                                POST                           evaluate_stories
/conversations/<conversation_id:path>/execute      POST                           execute_action
/domain                                            GET                            get_domain
/                                                  GET                            hello
/model                                             PUT                            load_model
/model/parse                                       POST                           parse
/conversations/<conversation_id:path>/predict      POST                           predict
/conversations/<conversation_id:path>/tracker/events PUT                            replace_events
/conversations/<conversation_id:path>/story        GET                            retrieve_story
/conversations/<conversation_id:path>/tracker      GET                            retrieve_tracker
/status                                            GET                            status
/model/predict                                     POST                           tracker_predict
/model/train                                       POST                           train
/conversations/<conversation_id:path>/trigger_intent POST                           trigger_intent
/model                                             DELETE                         unload_model
/version                                           GET                            version
2025-03-09 14:14:49,872 [INFO ]  Starting Rasa server on http://0.0.0.0:5005
2025-03-09 14:14:49,872 [DEBUG]  Using the default number of Sanic workers (1).
2025-03-09 14:14:49,939 [DEBUG]  Skipping telemetry reporting: no license hash found.
2025-03-09 14:14:49,974 [DEBUG]  Connected to InMemoryTrackerStore.
2025-03-09 14:14:49,974 [DEBUG]  Connected to lock store 'InMemoryLockStore'.
2025-03-09 14:14:49,974 [DEBUG]  Instantiated NLG to 'TemplatedNaturalLanguageGenerator'.
2025-03-09 14:14:49,975 [INFO ]  Loading model models/20250309-141324-windy-wax.tar.gz...
2025-03-09 14:14:50,002 [DEBUG]  Extracted model to '/var/folders/l6/tm6ltvkj5819sqc5nd3t8s5c0000gn/T/tmpsodsdwvs'.
2025-03-09 14:14:50,004 [DEBUG]  Node 'nlu_message_converter' loading 'NLUMessageConverter.load' and kwargs: '{}'.
2025-03-09 14:14:50,004 [DEBUG]  Node 'run_WhitespaceTokenizer0' loading 'WhitespaceTokenizer.load' and kwargs: '{}'.
2025-03-09 14:14:50,005 [DEBUG]  Node 'run_RegexFeaturizer1' loading 'RegexFeaturizer.load' and kwargs: '{}'.
2025-03-09 14:14:50,005 [DEBUG]  Resource 'train_RegexFeaturizer1' was requested for reading.
2025-03-09 14:14:50,006 [DEBUG]  Node 'run_LexicalSyntacticFeaturizer2' loading 'LexicalSyntacticFeaturizer.load' and kwargs: '{}'.
2025-03-09 14:14:50,006 [DEBUG]  Resource 'train_LexicalSyntacticFeaturizer2' was requested for reading.
2025-03-09 14:14:50,007 [DEBUG]  Node 'run_CountVectorsFeaturizer3' loading 'CountVectorsFeaturizer.load' and kwargs: '{}'.
2025-03-09 14:14:50,007 [DEBUG]  Resource 'train_CountVectorsFeaturizer3' was requested for reading.
2025-03-09 14:14:50,008 [DEBUG]  Node 'run_LanguageModelFeaturizer4' loading 'LanguageModelFeaturizer.load' and kwargs: '{}'.
2025-03-09 14:14:50,604 [DEBUG]  Loading Tokenizer and Model for bert
2025-03-09 14:14:50,605 [DEBUG]  Starting new HTTPS connection (1): huggingface.co:443
2025-03-09 14:14:51,850 [DEBUG]  https://huggingface.co:443 "HEAD /bert-base-cased/resolve/main/tokenizer_config.json HTTP/1.1" 200 0
2025-03-09 14:14:52,461 [DEBUG]  https://huggingface.co:443 "HEAD /bert-base-cased/resolve/main/config.json HTTP/1.1" 200 0
2025-03-09 14:14:52,978 [DEBUG]  Node 'run_DIETClassifier5' loading 'DIETClassifier.load' and kwargs: '{}'.
2025-03-09 14:14:52,978 [DEBUG]  Resource 'train_DIETClassifier5' was requested for reading.
2025-03-09 14:14:52,982 [DEBUG]  Loading the model from /var/folders/l6/tm6ltvkj5819sqc5nd3t8s5c0000gn/T/tmpddaycgj0/train_DIETClassifier5/DIETClassifier.tf_model with finetune_mode=False...
2025-03-09 14:14:52,988 [DEBUG]  You specified 'DIET' to train entities, but no entities are present in the training data. Skipping training of entities.
2025-03-09 14:14:52,996 [DEBUG]  Following metrics will be logged during training: 
2025-03-09 14:14:52,996 [DEBUG]    t_loss (total loss)
2025-03-09 14:14:52,996 [DEBUG]    i_acc (intent acc)
2025-03-09 14:14:52,996 [DEBUG]    i_loss (intent loss)
2025-03-09 14:14:53,006 [WARNI]  At this time, the v2.11+ optimizer `tf.keras.optimizers.Adam` runs slowly on M1/M2 Macs, please use the legacy Keras optimizer instead, located at `tf.keras.optimizers.legacy.Adam`.
2025-03-09 14:14:53,007 [WARNI]  There is a known slowdown when using v2.11+ Keras optimizers on M1/M2 Macs. Falling back to the legacy Keras optimizer, i.e., `tf.keras.optimizers.legacy.Adam`.
2025-03-09 14:14:55,359 [DEBUG]  Finished loading the model.
2025-03-09 14:14:55,360 [DEBUG]  Node 'run_EntitySynonymMapper6' loading 'EntitySynonymMapper.load' and kwargs: '{}'.
2025-03-09 14:14:55,360 [DEBUG]  Resource 'train_EntitySynonymMapper6' was requested for reading.
2025-03-09 14:14:55,360 [DEBUG]  Failed to load ABCMeta from model storage. Resource 'train_EntitySynonymMapper6' doesn't exist.
2025-03-09 14:14:55,360 [DEBUG]  Node 'run_ResponseSelector7' loading 'ResponseSelector.load' and kwargs: '{}'.
2025-03-09 14:14:55,360 [DEBUG]  Resource 'train_ResponseSelector7' was requested for reading.
2025-03-09 14:14:55,360 [DEBUG]  Failed to load ABCMeta from model storage. Resource 'train_ResponseSelector7' doesn't exist.
2025-03-09 14:14:55,360 [DEBUG]  Resource 'train_ResponseSelector7' was requested for reading.
2025-03-09 14:14:55,360 [DEBUG]  Failed to load ResponseSelector from model storage. Resource 'train_ResponseSelector7' doesn't exist.
2025-03-09 14:14:55,360 [DEBUG]  Node 'run_RegexMessageHandler' loading 'RegexMessageHandler.load' and kwargs: '{}'.
2025-03-09 14:14:55,360 [DEBUG]  Node 'domain_provider' loading 'DomainProvider.load' and kwargs: '{}'.
2025-03-09 14:14:55,360 [DEBUG]  Resource 'domain_provider' was requested for reading.
2025-03-09 14:14:55,371 [DEBUG]  Node 'run_MemoizationPolicy0' loading 'MemoizationPolicy.load' and kwargs: '{}'.
2025-03-09 14:14:55,371 [DEBUG]  Resource 'train_MemoizationPolicy0' was requested for reading.
2025-03-09 14:14:55,373 [DEBUG]  Node 'run_RulePolicy1' loading 'RulePolicy.load' and kwargs: '{}'.
2025-03-09 14:14:55,373 [DEBUG]  Resource 'train_RulePolicy1' was requested for reading.
2025-03-09 14:14:55,375 [DEBUG]  Node 'run_TEDPolicy2' loading 'TEDPolicy.load' and kwargs: '{}'.
2025-03-09 14:14:55,375 [DEBUG]  Resource 'train_TEDPolicy2' was requested for reading.
2025-03-09 14:14:55,381 [DEBUG]  Loading the model from /var/folders/l6/tm6ltvkj5819sqc5nd3t8s5c0000gn/T/tmpddaycgj0/train_TEDPolicy2/ted_policy.tf_model with finetune_mode=False...
2025-03-09 14:14:55,400 [WARNI]  At this time, the v2.11+ optimizer `tf.keras.optimizers.Adam` runs slowly on M1/M2 Macs, please use the legacy Keras optimizer instead, located at `tf.keras.optimizers.legacy.Adam`.
2025-03-09 14:14:55,401 [WARNI]  There is a known slowdown when using v2.11+ Keras optimizers on M1/M2 Macs. Falling back to the legacy Keras optimizer, i.e., `tf.keras.optimizers.legacy.Adam`.
2025-03-09 14:14:58,386 [DEBUG]  Finished loading the model.
2025-03-09 14:14:58,386 [DEBUG]  Node 'rule_only_data_provider' loading 'RuleOnlyDataProvider.load' and kwargs: '{}'.
2025-03-09 14:14:58,386 [DEBUG]  Resource 'train_RulePolicy1' was requested for reading.
2025-03-09 14:14:58,388 [DEBUG]  Node 'select_prediction' loading 'DefaultPolicyPredictionEnsemble.load' and kwargs: '{}'.
2025-03-09 14:14:58,393 [INFO ]  Rasa server is up and running.
2025-03-09 14:14:58,393 [INFO ]  Enabling coroutine debugging. Loop id 14636651456.
2025-03-09 14:15:33,084 [DEBUG]  Issuing ticket for conversation 'PractikumStudent'.
2025-03-09 14:15:33,085 [DEBUG]  Acquiring lock for conversation 'PractikumStudent'.
2025-03-09 14:15:33,085 [DEBUG]  Acquired lock for conversation 'PractikumStudent'.
2025-03-09 14:15:33,085 [DEBUG]  Could not find tracker for conversation ID 'PractikumStudent'.
2025-03-09 14:15:33,085 [DEBUG]  No event broker configured. Skipping streaming events.
2025-03-09 14:15:33,085 [DEBUG]  Starting a new session for conversation ID 'PractikumStudent'.
2025-03-09 14:15:33,088 [DEBUG]  [[32m[1mdebug    [0m] [1mprocessor.actions.policy_prediction[0m [36mprediction_events[0m=[35m[][0m
2025-03-09 14:15:33,089 [DEBUG]  [[32m[1mdebug    [0m] [1mprocessor.actions.log         [0m [36maction_name[0m=[35maction_session_start[0m [36mrasa_events[0m=[35m[<rasa.shared.core.events.SessionStarted object at 0x38c276020>, ActionExecuted(action: action_listen, policy: None, confidence: None)][0m
2025-03-09 14:15:33,089 [DEBUG]  [[32m[1mdebug    [0m] [1mprocessor.slots.log           [0m [36mslot_values[0m=[35m	topic: None
	session_started_metadata: None[0m
2025-03-09 14:15:33,089 [DEBUG]  Running graph with inputs: {'__message__': [<rasa.core.channels.channel.UserMessage object at 0x38afa86d0>], '__tracker__': <rasa.shared.core.trackers.DialogueStateTracker object at 0x38b797bb0>}, targets: ['run_RegexMessageHandler'] and ExecutionContext(model_id='7aa5dc3d703249228f3a9d312b4c84f8', should_add_diagnostic_data=False, is_finetuning=False, node_name=None).
2025-03-09 14:15:33,090 [DEBUG]  Node 'nlu_message_converter' running 'NLUMessageConverter.convert_user_message'.
2025-03-09 14:15:33,090 [DEBUG]  Node 'run_WhitespaceTokenizer0' running 'WhitespaceTokenizer.process'.
2025-03-09 14:15:33,091 [DEBUG]  Node 'run_RegexFeaturizer1' running 'RegexFeaturizer.process'.
2025-03-09 14:15:33,091 [DEBUG]  Node 'run_LexicalSyntacticFeaturizer2' running 'LexicalSyntacticFeaturizer.process'.
2025-03-09 14:15:33,092 [DEBUG]  Node 'run_CountVectorsFeaturizer3' running 'CountVectorsFeaturizer.process'.
2025-03-09 14:15:33,092 [DEBUG]  Node 'run_LanguageModelFeaturizer4' running 'LanguageModelFeaturizer.process'.
2025-03-09 14:15:33,185 [DEBUG]  Node 'run_DIETClassifier5' running 'DIETClassifier.process'.
2025-03-09 14:15:33,239 [DEBUG]  Node 'run_EntitySynonymMapper6' running 'EntitySynonymMapper.process'.
2025-03-09 14:15:33,239 [DEBUG]  Node 'run_ResponseSelector7' running 'ResponseSelector.process'.
2025-03-09 14:15:33,239 [DEBUG]  There is no trained model for 'ResponseSelector': The component is either not trained or didn't receive enough training data.
2025-03-09 14:15:33,239 [DEBUG]  Adding following selector key to message property: default
2025-03-09 14:15:33,239 [DEBUG]  Node 'domain_provider' running 'DomainProvider.provide_inference'.
2025-03-09 14:15:33,239 [DEBUG]  Node 'run_RegexMessageHandler' running 'RegexMessageHandler.process'.
2025-03-09 14:15:33,239 [DEBUG]  [[32m[1mdebug    [0m] [1mprocessor.message.parse       [0m [36mparse_data_entities[0m=[35m[][0m [36mparse_data_intent[0m=[35m{'name': 'goodbye', 'confidence': 0.33889442682266235}[0m [36mparse_data_text[0m=[35mПривет[0m
2025-03-09 14:15:33,239 [DEBUG]  Logged UserUtterance - tracker now has 4 events.
2025-03-09 14:15:33,241 [DEBUG]  Validating extracted slots: topic
2025-03-09 14:15:33,241 [DEBUG]  [[32m[1mdebug    [0m] [1mprocessor.extract.slots       [0m [36maction_extract_slot[0m=[35maction_extract_slots[0m [36mlen_extraction_events[0m=[35m1[0m [36mrasa_events[0m=[35m[SlotSet(key: topic, value: Привет)][0m
2025-03-09 14:15:33,241 [DEBUG]  Running graph with inputs: {'__tracker__': <rasa.shared.core.trackers.DialogueStateTracker object at 0x38b797bb0>}, targets: ['select_prediction'] and ExecutionContext(model_id='7aa5dc3d703249228f3a9d312b4c84f8', should_add_diagnostic_data=False, is_finetuning=False, node_name=None).
2025-03-09 14:15:33,241 [DEBUG]  Node 'rule_only_data_provider' running 'RuleOnlyDataProvider.provide'.
2025-03-09 14:15:33,241 [DEBUG]  Node 'domain_provider' running 'DomainProvider.provide_inference'.
2025-03-09 14:15:33,241 [DEBUG]  Node 'run_MemoizationPolicy0' running 'MemoizationPolicy.predict_action_probabilities'.
2025-03-09 14:15:33,241 [DEBUG]  [[32m[1mdebug    [0m] [1mmemoization.predict.actions   [0m [36mtracker_states[0m=[35m[{}, {'user': {'intent': 'goodbye'}, 'prev_action': {'action_name': 'action_listen'}}][0m
2025-03-09 14:15:33,241 [DEBUG]  There is a memorised next action 'utter_goodbye'
2025-03-09 14:15:33,241 [DEBUG]  Node 'run_RulePolicy1' running 'RulePolicy.predict_action_probabilities'.
2025-03-09 14:15:33,241 [DEBUG]  [[32m[1mdebug    [0m] [1mrule_policy.actions.find      [0m [36mcurrent_states[0m=[35m
[state 1] user text: Привет | previous action name: action_listen[0m
2025-03-09 14:15:33,242 [DEBUG]  There is no applicable rule.
2025-03-09 14:15:33,242 [DEBUG]  [[32m[1mdebug    [0m] [1mrule_policy.actions.find      [0m [36mcurrent_states[0m=[35m
[state 1] user intent: goodbye | previous action name: action_listen[0m
2025-03-09 14:15:33,242 [DEBUG]  There is a rule for the next action 'utter_goodbye'.
2025-03-09 14:15:33,242 [DEBUG]  Node 'run_TEDPolicy2' running 'TEDPolicy.predict_action_probabilities'.
2025-03-09 14:15:33,243 [DEBUG]  TED predicted 'action_listen' based on user intent.
2025-03-09 14:15:33,243 [DEBUG]  Node 'select_prediction' running 'DefaultPolicyPredictionEnsemble.combine_predictions_from_kwargs'.
2025-03-09 14:15:33,243 [DEBUG]  Made prediction using user intent.
2025-03-09 14:15:33,243 [DEBUG]  Added `DefinePrevUserUtteredFeaturization(False)` event.
2025-03-09 14:15:33,243 [DEBUG]  Predicted next action using RulePolicy.
2025-03-09 14:15:33,243 [DEBUG]  Predicted next action 'utter_goodbye' with confidence 1.00.
2025-03-09 14:15:33,243 [DEBUG]  [[32m[1mdebug    [0m] [1mprocessor.actions.policy_prediction[0m [36mprediction_events[0m=[35m[<rasa.shared.core.events.DefinePrevUserUtteredFeaturization object at 0x38bad6590>][0m
2025-03-09 14:15:33,244 [DEBUG]  [[32m[1mdebug    [0m] [1mprocessor.actions.log         [0m [36maction_name[0m=[35mutter_goodbye[0m [36mrasa_events[0m=[35m[BotUttered('До свидания! Если появятся вопросы по архитектуре ПО, обращайтесь.', {"elements": null, "quick_replies": null, "buttons": null, "attachment": null, "image": null, "custom": null}, {"utter_action": "utter_goodbye"}, 1741518933.243915)][0m
2025-03-09 14:15:33,244 [DEBUG]  Running graph with inputs: {'__tracker__': <rasa.shared.core.trackers.DialogueStateTracker object at 0x38b797bb0>}, targets: ['select_prediction'] and ExecutionContext(model_id='7aa5dc3d703249228f3a9d312b4c84f8', should_add_diagnostic_data=False, is_finetuning=False, node_name=None).
2025-03-09 14:15:33,244 [DEBUG]  Node 'rule_only_data_provider' running 'RuleOnlyDataProvider.provide'.
2025-03-09 14:15:33,244 [DEBUG]  Node 'domain_provider' running 'DomainProvider.provide_inference'.
2025-03-09 14:15:33,244 [DEBUG]  Node 'run_MemoizationPolicy0' running 'MemoizationPolicy.predict_action_probabilities'.
2025-03-09 14:15:33,244 [DEBUG]  [[32m[1mdebug    [0m] [1mmemoization.predict.actions   [0m [36mtracker_states[0m=[35m[{'user': {'intent': 'goodbye'}, 'prev_action': {'action_name': 'action_listen'}}, {'user': {'intent': 'goodbye'}, 'prev_action': {'action_name': 'utter_goodbye'}}][0m
2025-03-09 14:15:33,244 [DEBUG]  There is a memorised next action 'action_listen'
2025-03-09 14:15:33,244 [DEBUG]  Node 'run_RulePolicy1' running 'RulePolicy.predict_action_probabilities'.
2025-03-09 14:15:33,244 [DEBUG]  [[32m[1mdebug    [0m] [1mrule_policy.actions.find      [0m [36mcurrent_states[0m=[35m
[state 1] user intent: goodbye | previous action name: action_listen
[state 2] user intent: goodbye | previous action name: utter_goodbye[0m
2025-03-09 14:15:33,244 [DEBUG]  There is a rule for the next action 'action_listen'.
2025-03-09 14:15:33,244 [DEBUG]  Node 'run_TEDPolicy2' running 'TEDPolicy.predict_action_probabilities'.
2025-03-09 14:15:33,245 [DEBUG]  TED predicted 'utter_greet' based on user intent.
2025-03-09 14:15:33,246 [DEBUG]  Node 'select_prediction' running 'DefaultPolicyPredictionEnsemble.combine_predictions_from_kwargs'.
2025-03-09 14:15:33,246 [DEBUG]  Predicted next action using RulePolicy.
2025-03-09 14:15:33,246 [DEBUG]  Predicted next action 'action_listen' with confidence 1.00.
2025-03-09 14:15:33,246 [DEBUG]  [[32m[1mdebug    [0m] [1mprocessor.actions.policy_prediction[0m [36mprediction_events[0m=[35m[][0m
2025-03-09 14:15:33,246 [DEBUG]  [[32m[1mdebug    [0m] [1mprocessor.actions.log         [0m [36maction_name[0m=[35maction_listen[0m [36mrasa_events[0m=[35m[][0m
2025-03-09 14:15:33,246 [DEBUG]  No event broker configured. Skipping streaming events.
2025-03-09 14:15:33,246 [DEBUG]  Deleted lock for conversation 'PractikumStudent'.
2025-03-09 14:15:54,803 [DEBUG]  Issuing ticket for conversation 'PractikumStudent'.
2025-03-09 14:15:54,804 [DEBUG]  Acquiring lock for conversation 'PractikumStudent'.
2025-03-09 14:15:54,804 [DEBUG]  Acquired lock for conversation 'PractikumStudent'.
2025-03-09 14:15:54,805 [DEBUG]  Recreating tracker for id 'PractikumStudent'
2025-03-09 14:15:54,806 [DEBUG]  Running graph with inputs: {'__message__': [<rasa.core.channels.channel.UserMessage object at 0x38afa86d0>], '__tracker__': <rasa.shared.core.trackers.DialogueStateTracker object at 0x38c277550>}, targets: ['run_RegexMessageHandler'] and ExecutionContext(model_id='7aa5dc3d703249228f3a9d312b4c84f8', should_add_diagnostic_data=False, is_finetuning=False, node_name=None).
2025-03-09 14:15:54,808 [DEBUG]  Node 'nlu_message_converter' running 'NLUMessageConverter.convert_user_message'.
2025-03-09 14:15:54,808 [DEBUG]  Node 'run_WhitespaceTokenizer0' running 'WhitespaceTokenizer.process'.
2025-03-09 14:15:54,809 [DEBUG]  Node 'run_RegexFeaturizer1' running 'RegexFeaturizer.process'.
2025-03-09 14:15:54,809 [DEBUG]  Node 'run_LexicalSyntacticFeaturizer2' running 'LexicalSyntacticFeaturizer.process'.
2025-03-09 14:15:54,809 [DEBUG]  Node 'run_CountVectorsFeaturizer3' running 'CountVectorsFeaturizer.process'.
2025-03-09 14:15:54,810 [DEBUG]  Node 'run_LanguageModelFeaturizer4' running 'LanguageModelFeaturizer.process'.
2025-03-09 14:15:54,890 [DEBUG]  Node 'run_DIETClassifier5' running 'DIETClassifier.process'.
2025-03-09 14:15:54,892 [DEBUG]  Node 'run_EntitySynonymMapper6' running 'EntitySynonymMapper.process'.
2025-03-09 14:15:54,892 [DEBUG]  Node 'run_ResponseSelector7' running 'ResponseSelector.process'.
2025-03-09 14:15:54,892 [DEBUG]  There is no trained model for 'ResponseSelector': The component is either not trained or didn't receive enough training data.
2025-03-09 14:15:54,892 [DEBUG]  Adding following selector key to message property: default
2025-03-09 14:15:54,892 [DEBUG]  Node 'domain_provider' running 'DomainProvider.provide_inference'.
2025-03-09 14:15:54,892 [DEBUG]  Node 'run_RegexMessageHandler' running 'RegexMessageHandler.process'.
2025-03-09 14:15:54,893 [DEBUG]  [[32m[1mdebug    [0m] [1mprocessor.message.parse       [0m [36mparse_data_entities[0m=[35m[][0m [36mparse_data_intent[0m=[35m{'name': 'goodbye', 'confidence': 0.33889442682266235}[0m [36mparse_data_text[0m=[35mПривет[0m
2025-03-09 14:15:54,893 [DEBUG]  Logged UserUtterance - tracker now has 10 events.
2025-03-09 14:15:54,893 [DEBUG]  Validating extracted slots: topic
2025-03-09 14:15:54,893 [DEBUG]  [[32m[1mdebug    [0m] [1mprocessor.extract.slots       [0m [36maction_extract_slot[0m=[35maction_extract_slots[0m [36mlen_extraction_events[0m=[35m1[0m [36mrasa_events[0m=[35m[SlotSet(key: topic, value: Привет)][0m
2025-03-09 14:15:54,893 [DEBUG]  Running graph with inputs: {'__tracker__': <rasa.shared.core.trackers.DialogueStateTracker object at 0x38c277550>}, targets: ['select_prediction'] and ExecutionContext(model_id='7aa5dc3d703249228f3a9d312b4c84f8', should_add_diagnostic_data=False, is_finetuning=False, node_name=None).
2025-03-09 14:15:54,893 [DEBUG]  Node 'rule_only_data_provider' running 'RuleOnlyDataProvider.provide'.
2025-03-09 14:15:54,893 [DEBUG]  Node 'domain_provider' running 'DomainProvider.provide_inference'.
2025-03-09 14:15:54,893 [DEBUG]  Node 'run_MemoizationPolicy0' running 'MemoizationPolicy.predict_action_probabilities'.
2025-03-09 14:15:54,893 [DEBUG]  [[32m[1mdebug    [0m] [1mmemoization.predict.actions   [0m [36mtracker_states[0m=[35m[{'user': {'intent': 'goodbye'}, 'prev_action': {'action_name': 'utter_goodbye'}}, {'user': {'intent': 'goodbye'}, 'prev_action': {'action_name': 'action_listen'}}][0m
2025-03-09 14:15:54,893 [DEBUG]  There is no memorised next action
2025-03-09 14:15:54,893 [DEBUG]  Node 'run_RulePolicy1' running 'RulePolicy.predict_action_probabilities'.
2025-03-09 14:15:54,893 [DEBUG]  [[32m[1mdebug    [0m] [1mrule_policy.actions.find      [0m [36mcurrent_states[0m=[35m
[state 1] user intent: goodbye | previous action name: action_listen
[state 2] user intent: goodbye | previous action name: utter_goodbye
[state 3] user text: Привет | previous action name: action_listen[0m
2025-03-09 14:15:54,893 [DEBUG]  There is no applicable rule.
2025-03-09 14:15:54,894 [DEBUG]  [[32m[1mdebug    [0m] [1mrule_policy.actions.find      [0m [36mcurrent_states[0m=[35m
[state 1] user intent: goodbye | previous action name: action_listen
[state 2] user intent: goodbye | previous action name: utter_goodbye
[state 3] user intent: goodbye | previous action name: action_listen[0m
2025-03-09 14:15:54,894 [DEBUG]  There is a rule for the next action 'utter_goodbye'.
2025-03-09 14:15:54,894 [DEBUG]  Node 'run_TEDPolicy2' running 'TEDPolicy.predict_action_probabilities'.
2025-03-09 14:15:54,895 [DEBUG]  TED predicted 'action_listen' based on user intent.
2025-03-09 14:15:54,895 [DEBUG]  Node 'select_prediction' running 'DefaultPolicyPredictionEnsemble.combine_predictions_from_kwargs'.
2025-03-09 14:15:54,895 [DEBUG]  Made prediction using user intent.
2025-03-09 14:15:54,895 [DEBUG]  Added `DefinePrevUserUtteredFeaturization(False)` event.
2025-03-09 14:15:54,895 [DEBUG]  Predicted next action using RulePolicy.
2025-03-09 14:15:54,895 [DEBUG]  Predicted next action 'utter_goodbye' with confidence 1.00.
2025-03-09 14:15:54,895 [DEBUG]  [[32m[1mdebug    [0m] [1mprocessor.actions.policy_prediction[0m [36mprediction_events[0m=[35m[<rasa.shared.core.events.DefinePrevUserUtteredFeaturization object at 0x38bc2b7c0>][0m
2025-03-09 14:15:54,895 [DEBUG]  [[32m[1mdebug    [0m] [1mprocessor.actions.log         [0m [36maction_name[0m=[35mutter_goodbye[0m [36mrasa_events[0m=[35m[BotUttered('До свидания! Если появятся вопросы по архитектуре ПО, обращайтесь.', {"elements": null, "quick_replies": null, "buttons": null, "attachment": null, "image": null, "custom": null}, {"utter_action": "utter_goodbye"}, 1741518954.895775)][0m
2025-03-09 14:15:54,895 [DEBUG]  Running graph with inputs: {'__tracker__': <rasa.shared.core.trackers.DialogueStateTracker object at 0x38c277550>}, targets: ['select_prediction'] and ExecutionContext(model_id='7aa5dc3d703249228f3a9d312b4c84f8', should_add_diagnostic_data=False, is_finetuning=False, node_name=None).
2025-03-09 14:15:54,896 [DEBUG]  Node 'rule_only_data_provider' running 'RuleOnlyDataProvider.provide'.
2025-03-09 14:15:54,896 [DEBUG]  Node 'domain_provider' running 'DomainProvider.provide_inference'.
2025-03-09 14:15:54,896 [DEBUG]  Node 'run_MemoizationPolicy0' running 'MemoizationPolicy.predict_action_probabilities'.
2025-03-09 14:15:54,896 [DEBUG]  [[32m[1mdebug    [0m] [1mmemoization.predict.actions   [0m [36mtracker_states[0m=[35m[{'user': {'intent': 'goodbye'}, 'prev_action': {'action_name': 'action_listen'}}, {'user': {'intent': 'goodbye'}, 'prev_action': {'action_name': 'utter_goodbye'}}][0m
2025-03-09 14:15:54,896 [DEBUG]  There is a memorised next action 'action_listen'
2025-03-09 14:15:54,896 [DEBUG]  Node 'run_RulePolicy1' running 'RulePolicy.predict_action_probabilities'.
2025-03-09 14:15:54,896 [DEBUG]  [[32m[1mdebug    [0m] [1mrule_policy.actions.find      [0m [36mcurrent_states[0m=[35m
[state 1] user intent: goodbye | previous action name: action_listen
[state 2] user intent: goodbye | previous action name: utter_goodbye
[state 3] user intent: goodbye | previous action name: action_listen
[state 4] user intent: goodbye | previous action name: utter_goodbye[0m
2025-03-09 14:15:54,896 [DEBUG]  There is a rule for the next action 'action_listen'.
2025-03-09 14:15:54,896 [DEBUG]  Node 'run_TEDPolicy2' running 'TEDPolicy.predict_action_probabilities'.
2025-03-09 14:15:54,897 [DEBUG]  TED predicted 'utter_greet' based on user intent.
2025-03-09 14:15:54,897 [DEBUG]  Node 'select_prediction' running 'DefaultPolicyPredictionEnsemble.combine_predictions_from_kwargs'.
2025-03-09 14:15:54,897 [DEBUG]  Predicted next action using RulePolicy.
2025-03-09 14:15:54,898 [DEBUG]  Predicted next action 'action_listen' with confidence 1.00.
2025-03-09 14:15:54,898 [DEBUG]  [[32m[1mdebug    [0m] [1mprocessor.actions.policy_prediction[0m [36mprediction_events[0m=[35m[][0m
2025-03-09 14:15:54,898 [DEBUG]  [[32m[1mdebug    [0m] [1mprocessor.actions.log         [0m [36maction_name[0m=[35maction_listen[0m [36mrasa_events[0m=[35m[][0m
2025-03-09 14:15:54,898 [DEBUG]  No event broker configured. Skipping streaming events.
2025-03-09 14:15:54,898 [DEBUG]  Deleted lock for conversation 'PractikumStudent'.
2025-03-09 14:15:57,700 [DEBUG]  Issuing ticket for conversation 'PractikumStudent'.
2025-03-09 14:15:57,701 [DEBUG]  Acquiring lock for conversation 'PractikumStudent'.
2025-03-09 14:15:57,701 [DEBUG]  Acquired lock for conversation 'PractikumStudent'.
2025-03-09 14:15:57,701 [DEBUG]  Recreating tracker for id 'PractikumStudent'
2025-03-09 14:15:57,702 [DEBUG]  Running graph with inputs: {'__message__': [<rasa.core.channels.channel.UserMessage object at 0x38ab9b340>], '__tracker__': <rasa.shared.core.trackers.DialogueStateTracker object at 0x38c277550>}, targets: ['run_RegexMessageHandler'] and ExecutionContext(model_id='7aa5dc3d703249228f3a9d312b4c84f8', should_add_diagnostic_data=False, is_finetuning=False, node_name=None).
2025-03-09 14:15:57,702 [DEBUG]  Node 'nlu_message_converter' running 'NLUMessageConverter.convert_user_message'.
2025-03-09 14:15:57,702 [DEBUG]  Node 'run_WhitespaceTokenizer0' running 'WhitespaceTokenizer.process'.
2025-03-09 14:15:57,703 [DEBUG]  Node 'run_RegexFeaturizer1' running 'RegexFeaturizer.process'.
2025-03-09 14:15:57,703 [DEBUG]  Node 'run_LexicalSyntacticFeaturizer2' running 'LexicalSyntacticFeaturizer.process'.
2025-03-09 14:15:57,703 [DEBUG]  Node 'run_CountVectorsFeaturizer3' running 'CountVectorsFeaturizer.process'.
2025-03-09 14:15:57,704 [DEBUG]  Node 'run_LanguageModelFeaturizer4' running 'LanguageModelFeaturizer.process'.
2025-03-09 14:15:57,771 [DEBUG]  Node 'run_DIETClassifier5' running 'DIETClassifier.process'.
2025-03-09 14:15:57,773 [DEBUG]  Node 'run_EntitySynonymMapper6' running 'EntitySynonymMapper.process'.
2025-03-09 14:15:57,773 [DEBUG]  Node 'run_ResponseSelector7' running 'ResponseSelector.process'.
2025-03-09 14:15:57,773 [DEBUG]  There is no trained model for 'ResponseSelector': The component is either not trained or didn't receive enough training data.
2025-03-09 14:15:57,773 [DEBUG]  Adding following selector key to message property: default
2025-03-09 14:15:57,773 [DEBUG]  Node 'domain_provider' running 'DomainProvider.provide_inference'.
2025-03-09 14:15:57,773 [DEBUG]  Node 'run_RegexMessageHandler' running 'RegexMessageHandler.process'.
2025-03-09 14:15:57,773 [DEBUG]  [[32m[1mdebug    [0m] [1mprocessor.message.parse       [0m [36mparse_data_entities[0m=[35m[][0m [36mparse_data_intent[0m=[35m{'name': 'goodbye', 'confidence': 0.2794499397277832}[0m [36mparse_data_text[0m=[35mПока[0m
2025-03-09 14:15:57,773 [DEBUG]  Logged UserUtterance - tracker now has 16 events.
2025-03-09 14:15:57,773 [DEBUG]  Validating extracted slots: topic
2025-03-09 14:15:57,773 [DEBUG]  [[32m[1mdebug    [0m] [1mprocessor.extract.slots       [0m [36maction_extract_slot[0m=[35maction_extract_slots[0m [36mlen_extraction_events[0m=[35m1[0m [36mrasa_events[0m=[35m[SlotSet(key: topic, value: Пока)][0m
2025-03-09 14:15:57,773 [DEBUG]  Running graph with inputs: {'__tracker__': <rasa.shared.core.trackers.DialogueStateTracker object at 0x38c277550>}, targets: ['select_prediction'] and ExecutionContext(model_id='7aa5dc3d703249228f3a9d312b4c84f8', should_add_diagnostic_data=False, is_finetuning=False, node_name=None).
2025-03-09 14:15:57,774 [DEBUG]  Node 'rule_only_data_provider' running 'RuleOnlyDataProvider.provide'.
2025-03-09 14:15:57,774 [DEBUG]  Node 'domain_provider' running 'DomainProvider.provide_inference'.
2025-03-09 14:15:57,774 [DEBUG]  Node 'run_MemoizationPolicy0' running 'MemoizationPolicy.predict_action_probabilities'.
2025-03-09 14:15:57,774 [DEBUG]  [[32m[1mdebug    [0m] [1mmemoization.predict.actions   [0m [36mtracker_states[0m=[35m[{'user': {'intent': 'goodbye'}, 'prev_action': {'action_name': 'utter_goodbye'}}, {'user': {'intent': 'goodbye'}, 'prev_action': {'action_name': 'action_listen'}}][0m
2025-03-09 14:15:57,774 [DEBUG]  There is no memorised next action
2025-03-09 14:15:57,774 [DEBUG]  Node 'run_RulePolicy1' running 'RulePolicy.predict_action_probabilities'.
2025-03-09 14:15:57,774 [DEBUG]  [[32m[1mdebug    [0m] [1mrule_policy.actions.find      [0m [36mcurrent_states[0m=[35m
[state 1] user intent: goodbye | previous action name: action_listen
[state 2] user intent: goodbye | previous action name: utter_goodbye
[state 3] user intent: goodbye | previous action name: action_listen
[state 4] user intent: goodbye | previous action name: utter_goodbye
[state 5] user text: Пока | previous action name: action_listen[0m
2025-03-09 14:15:57,774 [DEBUG]  There is no applicable rule.
2025-03-09 14:15:57,774 [DEBUG]  [[32m[1mdebug    [0m] [1mrule_policy.actions.find      [0m [36mcurrent_states[0m=[35m
[state 1] user intent: goodbye | previous action name: action_listen
[state 2] user intent: goodbye | previous action name: utter_goodbye
[state 3] user intent: goodbye | previous action name: action_listen
[state 4] user intent: goodbye | previous action name: utter_goodbye
[state 5] user intent: goodbye | previous action name: action_listen[0m
2025-03-09 14:15:57,774 [DEBUG]  There is a rule for the next action 'utter_goodbye'.
2025-03-09 14:15:57,774 [DEBUG]  Node 'run_TEDPolicy2' running 'TEDPolicy.predict_action_probabilities'.
2025-03-09 14:15:57,776 [DEBUG]  TED predicted 'action_listen' based on user intent.
2025-03-09 14:15:57,776 [DEBUG]  Node 'select_prediction' running 'DefaultPolicyPredictionEnsemble.combine_predictions_from_kwargs'.
2025-03-09 14:15:57,776 [DEBUG]  Made prediction using user intent.
2025-03-09 14:15:57,776 [DEBUG]  Added `DefinePrevUserUtteredFeaturization(False)` event.
2025-03-09 14:15:57,776 [DEBUG]  Predicted next action using RulePolicy.
2025-03-09 14:15:57,776 [DEBUG]  Predicted next action 'utter_goodbye' with confidence 1.00.
2025-03-09 14:15:57,776 [DEBUG]  [[32m[1mdebug    [0m] [1mprocessor.actions.policy_prediction[0m [36mprediction_events[0m=[35m[<rasa.shared.core.events.DefinePrevUserUtteredFeaturization object at 0x38ec81ba0>][0m
2025-03-09 14:15:57,776 [DEBUG]  [[32m[1mdebug    [0m] [1mprocessor.actions.log         [0m [36maction_name[0m=[35mutter_goodbye[0m [36mrasa_events[0m=[35m[BotUttered('До свидания! Если появятся вопросы по архитектуре ПО, обращайтесь.', {"elements": null, "quick_replies": null, "buttons": null, "attachment": null, "image": null, "custom": null}, {"utter_action": "utter_goodbye"}, 1741518957.77648)][0m
2025-03-09 14:15:57,776 [DEBUG]  Running graph with inputs: {'__tracker__': <rasa.shared.core.trackers.DialogueStateTracker object at 0x38c277550>}, targets: ['select_prediction'] and ExecutionContext(model_id='7aa5dc3d703249228f3a9d312b4c84f8', should_add_diagnostic_data=False, is_finetuning=False, node_name=None).
2025-03-09 14:15:57,776 [DEBUG]  Node 'rule_only_data_provider' running 'RuleOnlyDataProvider.provide'.
2025-03-09 14:15:57,776 [DEBUG]  Node 'domain_provider' running 'DomainProvider.provide_inference'.
2025-03-09 14:15:57,776 [DEBUG]  Node 'run_MemoizationPolicy0' running 'MemoizationPolicy.predict_action_probabilities'.
2025-03-09 14:15:57,776 [DEBUG]  [[32m[1mdebug    [0m] [1mmemoization.predict.actions   [0m [36mtracker_states[0m=[35m[{'user': {'intent': 'goodbye'}, 'prev_action': {'action_name': 'action_listen'}}, {'user': {'intent': 'goodbye'}, 'prev_action': {'action_name': 'utter_goodbye'}}][0m
2025-03-09 14:15:57,777 [DEBUG]  There is a memorised next action 'action_listen'
2025-03-09 14:15:57,777 [DEBUG]  Node 'run_RulePolicy1' running 'RulePolicy.predict_action_probabilities'.
2025-03-09 14:15:57,777 [DEBUG]  [[32m[1mdebug    [0m] [1mrule_policy.actions.find      [0m [36mcurrent_states[0m=[35m
[state 1] user intent: goodbye | previous action name: action_listen
[state 2] user intent: goodbye | previous action name: utter_goodbye
[state 3] user intent: goodbye | previous action name: action_listen
[state 4] user intent: goodbye | previous action name: utter_goodbye
[state 5] user intent: goodbye | previous action name: action_listen
[state 6] user intent: goodbye | previous action name: utter_goodbye[0m
2025-03-09 14:15:57,777 [DEBUG]  There is a rule for the next action 'action_listen'.
2025-03-09 14:15:57,777 [DEBUG]  Node 'run_TEDPolicy2' running 'TEDPolicy.predict_action_probabilities'.
2025-03-09 14:15:57,778 [DEBUG]  TED predicted 'utter_greet' based on user intent.
2025-03-09 14:15:57,778 [DEBUG]  Node 'select_prediction' running 'DefaultPolicyPredictionEnsemble.combine_predictions_from_kwargs'.
2025-03-09 14:15:57,778 [DEBUG]  Predicted next action using RulePolicy.
2025-03-09 14:15:57,778 [DEBUG]  Predicted next action 'action_listen' with confidence 1.00.
2025-03-09 14:15:57,778 [DEBUG]  [[32m[1mdebug    [0m] [1mprocessor.actions.policy_prediction[0m [36mprediction_events[0m=[35m[][0m
2025-03-09 14:15:57,778 [DEBUG]  [[32m[1mdebug    [0m] [1mprocessor.actions.log         [0m [36maction_name[0m=[35maction_listen[0m [36mrasa_events[0m=[35m[][0m
2025-03-09 14:15:57,779 [DEBUG]  No event broker configured. Skipping streaming events.
2025-03-09 14:15:57,779 [DEBUG]  Deleted lock for conversation 'PractikumStudent'.
2025-03-09 14:16:23,803 [DEBUG]  Issuing ticket for conversation 'PractikumStudent'.
2025-03-09 14:16:23,803 [DEBUG]  Acquiring lock for conversation 'PractikumStudent'.
2025-03-09 14:16:23,804 [DEBUG]  Acquired lock for conversation 'PractikumStudent'.
2025-03-09 14:16:23,804 [DEBUG]  Recreating tracker for id 'PractikumStudent'
2025-03-09 14:16:23,806 [DEBUG]  Running graph with inputs: {'__message__': [<rasa.core.channels.channel.UserMessage object at 0x369aeec20>], '__tracker__': <rasa.shared.core.trackers.DialogueStateTracker object at 0x38c277550>}, targets: ['run_RegexMessageHandler'] and ExecutionContext(model_id='7aa5dc3d703249228f3a9d312b4c84f8', should_add_diagnostic_data=False, is_finetuning=False, node_name=None).
2025-03-09 14:16:23,807 [DEBUG]  Node 'nlu_message_converter' running 'NLUMessageConverter.convert_user_message'.
2025-03-09 14:16:23,807 [DEBUG]  Node 'run_WhitespaceTokenizer0' running 'WhitespaceTokenizer.process'.
2025-03-09 14:16:23,808 [DEBUG]  Node 'run_RegexFeaturizer1' running 'RegexFeaturizer.process'.
2025-03-09 14:16:23,808 [DEBUG]  Node 'run_LexicalSyntacticFeaturizer2' running 'LexicalSyntacticFeaturizer.process'.
2025-03-09 14:16:23,808 [DEBUG]  Node 'run_CountVectorsFeaturizer3' running 'CountVectorsFeaturizer.process'.
2025-03-09 14:16:23,809 [DEBUG]  Node 'run_LanguageModelFeaturizer4' running 'LanguageModelFeaturizer.process'.
2025-03-09 14:16:23,891 [DEBUG]  Node 'run_DIETClassifier5' running 'DIETClassifier.process'.
2025-03-09 14:16:23,893 [DEBUG]  Node 'run_EntitySynonymMapper6' running 'EntitySynonymMapper.process'.
2025-03-09 14:16:23,893 [DEBUG]  Node 'run_ResponseSelector7' running 'ResponseSelector.process'.
2025-03-09 14:16:23,893 [DEBUG]  There is no trained model for 'ResponseSelector': The component is either not trained or didn't receive enough training data.
2025-03-09 14:16:23,893 [DEBUG]  Adding following selector key to message property: default
2025-03-09 14:16:23,893 [DEBUG]  Node 'domain_provider' running 'DomainProvider.provide_inference'.
2025-03-09 14:16:23,893 [DEBUG]  Node 'run_RegexMessageHandler' running 'RegexMessageHandler.process'.
2025-03-09 14:16:23,893 [DEBUG]  [[32m[1mdebug    [0m] [1mprocessor.message.parse       [0m [36mparse_data_entities[0m=[35m[][0m [36mparse_data_intent[0m=[35m{'name': 'goodbye', 'confidence': 0.3918133080005646}[0m [36mparse_data_text[0m=[35mЗдравствуйте[0m
2025-03-09 14:16:23,893 [DEBUG]  Logged UserUtterance - tracker now has 22 events.
2025-03-09 14:16:23,893 [DEBUG]  Validating extracted slots: topic
2025-03-09 14:16:23,893 [DEBUG]  [[32m[1mdebug    [0m] [1mprocessor.extract.slots       [0m [36maction_extract_slot[0m=[35maction_extract_slots[0m [36mlen_extraction_events[0m=[35m1[0m [36mrasa_events[0m=[35m[SlotSet(key: topic, value: Здравствуйте)][0m
2025-03-09 14:16:23,893 [DEBUG]  Running graph with inputs: {'__tracker__': <rasa.shared.core.trackers.DialogueStateTracker object at 0x38c277550>}, targets: ['select_prediction'] and ExecutionContext(model_id='7aa5dc3d703249228f3a9d312b4c84f8', should_add_diagnostic_data=False, is_finetuning=False, node_name=None).
2025-03-09 14:16:23,894 [DEBUG]  Node 'rule_only_data_provider' running 'RuleOnlyDataProvider.provide'.
2025-03-09 14:16:23,894 [DEBUG]  Node 'domain_provider' running 'DomainProvider.provide_inference'.
2025-03-09 14:16:23,894 [DEBUG]  Node 'run_MemoizationPolicy0' running 'MemoizationPolicy.predict_action_probabilities'.
2025-03-09 14:16:23,894 [DEBUG]  [[32m[1mdebug    [0m] [1mmemoization.predict.actions   [0m [36mtracker_states[0m=[35m[{'user': {'intent': 'goodbye'}, 'prev_action': {'action_name': 'utter_goodbye'}}, {'user': {'intent': 'goodbye'}, 'prev_action': {'action_name': 'action_listen'}}][0m
2025-03-09 14:16:23,894 [DEBUG]  There is no memorised next action
2025-03-09 14:16:23,894 [DEBUG]  Node 'run_RulePolicy1' running 'RulePolicy.predict_action_probabilities'.
2025-03-09 14:16:23,894 [DEBUG]  [[32m[1mdebug    [0m] [1mrule_policy.actions.find      [0m [36mcurrent_states[0m=[35m
[state 1] user intent: goodbye | previous action name: action_listen
[state 2] user intent: goodbye | previous action name: utter_goodbye
[state 3] user intent: goodbye | previous action name: action_listen
[state 4] user intent: goodbye | previous action name: utter_goodbye
[state 5] user intent: goodbye | previous action name: action_listen
[state 6] user intent: goodbye | previous action name: utter_goodbye
[state 7] user text: Здравствуйте | previous action name: action_listen[0m
2025-03-09 14:16:23,894 [DEBUG]  There is no applicable rule.
2025-03-09 14:16:23,894 [DEBUG]  [[32m[1mdebug    [0m] [1mrule_policy.actions.find      [0m [36mcurrent_states[0m=[35m
[state 1] user intent: goodbye | previous action name: action_listen
[state 2] user intent: goodbye | previous action name: utter_goodbye
[state 3] user intent: goodbye | previous action name: action_listen
[state 4] user intent: goodbye | previous action name: utter_goodbye
[state 5] user intent: goodbye | previous action name: action_listen
[state 6] user intent: goodbye | previous action name: utter_goodbye
[state 7] user intent: goodbye | previous action name: action_listen[0m
2025-03-09 14:16:23,894 [DEBUG]  There is a rule for the next action 'utter_goodbye'.
2025-03-09 14:16:23,894 [DEBUG]  Node 'run_TEDPolicy2' running 'TEDPolicy.predict_action_probabilities'.
2025-03-09 14:16:23,896 [DEBUG]  TED predicted 'action_listen' based on user intent.
2025-03-09 14:16:23,896 [DEBUG]  Node 'select_prediction' running 'DefaultPolicyPredictionEnsemble.combine_predictions_from_kwargs'.
2025-03-09 14:16:23,896 [DEBUG]  Made prediction using user intent.
2025-03-09 14:16:23,896 [DEBUG]  Added `DefinePrevUserUtteredFeaturization(False)` event.
2025-03-09 14:16:23,896 [DEBUG]  Predicted next action using RulePolicy.
2025-03-09 14:16:23,896 [DEBUG]  Predicted next action 'utter_goodbye' with confidence 1.00.
2025-03-09 14:16:23,896 [DEBUG]  [[32m[1mdebug    [0m] [1mprocessor.actions.policy_prediction[0m [36mprediction_events[0m=[35m[<rasa.shared.core.events.DefinePrevUserUtteredFeaturization object at 0x38fa1bc70>][0m
2025-03-09 14:16:23,896 [DEBUG]  [[32m[1mdebug    [0m] [1mprocessor.actions.log         [0m [36maction_name[0m=[35mutter_goodbye[0m [36mrasa_events[0m=[35m[BotUttered('До свидания! Если появятся вопросы по архитектуре ПО, обращайтесь.', {"elements": null, "quick_replies": null, "buttons": null, "attachment": null, "image": null, "custom": null}, {"utter_action": "utter_goodbye"}, 1741518983.8965938)][0m
2025-03-09 14:16:23,896 [DEBUG]  Running graph with inputs: {'__tracker__': <rasa.shared.core.trackers.DialogueStateTracker object at 0x38c277550>}, targets: ['select_prediction'] and ExecutionContext(model_id='7aa5dc3d703249228f3a9d312b4c84f8', should_add_diagnostic_data=False, is_finetuning=False, node_name=None).
2025-03-09 14:16:23,896 [DEBUG]  Node 'rule_only_data_provider' running 'RuleOnlyDataProvider.provide'.
2025-03-09 14:16:23,896 [DEBUG]  Node 'domain_provider' running 'DomainProvider.provide_inference'.
2025-03-09 14:16:23,896 [DEBUG]  Node 'run_MemoizationPolicy0' running 'MemoizationPolicy.predict_action_probabilities'.
2025-03-09 14:16:23,897 [DEBUG]  [[32m[1mdebug    [0m] [1mmemoization.predict.actions   [0m [36mtracker_states[0m=[35m[{'user': {'intent': 'goodbye'}, 'prev_action': {'action_name': 'action_listen'}}, {'user': {'intent': 'goodbye'}, 'prev_action': {'action_name': 'utter_goodbye'}}][0m
2025-03-09 14:16:23,897 [DEBUG]  There is a memorised next action 'action_listen'
2025-03-09 14:16:23,897 [DEBUG]  Node 'run_RulePolicy1' running 'RulePolicy.predict_action_probabilities'.
2025-03-09 14:16:23,897 [DEBUG]  [[32m[1mdebug    [0m] [1mrule_policy.actions.find      [0m [36mcurrent_states[0m=[35m
[state 1] user intent: goodbye | previous action name: action_listen
[state 2] user intent: goodbye | previous action name: utter_goodbye
[state 3] user intent: goodbye | previous action name: action_listen
[state 4] user intent: goodbye | previous action name: utter_goodbye
[state 5] user intent: goodbye | previous action name: action_listen
[state 6] user intent: goodbye | previous action name: utter_goodbye
[state 7] user intent: goodbye | previous action name: action_listen
[state 8] user intent: goodbye | previous action name: utter_goodbye[0m
2025-03-09 14:16:23,897 [DEBUG]  There is a rule for the next action 'action_listen'.
2025-03-09 14:16:23,897 [DEBUG]  Node 'run_TEDPolicy2' running 'TEDPolicy.predict_action_probabilities'.
2025-03-09 14:16:23,898 [DEBUG]  TED predicted 'utter_greet' based on user intent.
2025-03-09 14:16:23,898 [DEBUG]  Node 'select_prediction' running 'DefaultPolicyPredictionEnsemble.combine_predictions_from_kwargs'.
2025-03-09 14:16:23,898 [DEBUG]  Predicted next action using RulePolicy.
2025-03-09 14:16:23,898 [DEBUG]  Predicted next action 'action_listen' with confidence 1.00.
2025-03-09 14:16:23,899 [DEBUG]  [[32m[1mdebug    [0m] [1mprocessor.actions.policy_prediction[0m [36mprediction_events[0m=[35m[][0m
2025-03-09 14:16:23,899 [DEBUG]  [[32m[1mdebug    [0m] [1mprocessor.actions.log         [0m [36maction_name[0m=[35maction_listen[0m [36mrasa_events[0m=[35m[][0m
2025-03-09 14:16:23,899 [DEBUG]  No event broker configured. Skipping streaming events.
2025-03-09 14:16:23,899 [DEBUG]  Deleted lock for conversation 'PractikumStudent'.
2025-03-09 14:16:32,000 [DEBUG]  Issuing ticket for conversation 'PractikumStudent'.
2025-03-09 14:16:32,001 [DEBUG]  Acquiring lock for conversation 'PractikumStudent'.
2025-03-09 14:16:32,001 [DEBUG]  Acquired lock for conversation 'PractikumStudent'.
2025-03-09 14:16:32,001 [DEBUG]  Recreating tracker for id 'PractikumStudent'
2025-03-09 14:16:32,004 [DEBUG]  Running graph with inputs: {'__message__': [<rasa.core.channels.channel.UserMessage object at 0x369aeec20>], '__tracker__': <rasa.shared.core.trackers.DialogueStateTracker object at 0x38c277550>}, targets: ['run_RegexMessageHandler'] and ExecutionContext(model_id='7aa5dc3d703249228f3a9d312b4c84f8', should_add_diagnostic_data=False, is_finetuning=False, node_name=None).
2025-03-09 14:16:32,005 [DEBUG]  Node 'nlu_message_converter' running 'NLUMessageConverter.convert_user_message'.
2025-03-09 14:16:32,005 [DEBUG]  Node 'run_WhitespaceTokenizer0' running 'WhitespaceTokenizer.process'.
2025-03-09 14:16:32,005 [DEBUG]  Node 'run_RegexFeaturizer1' running 'RegexFeaturizer.process'.
2025-03-09 14:16:32,006 [DEBUG]  Node 'run_LexicalSyntacticFeaturizer2' running 'LexicalSyntacticFeaturizer.process'.
2025-03-09 14:16:32,006 [DEBUG]  Node 'run_CountVectorsFeaturizer3' running 'CountVectorsFeaturizer.process'.
2025-03-09 14:16:32,007 [DEBUG]  Node 'run_LanguageModelFeaturizer4' running 'LanguageModelFeaturizer.process'.
2025-03-09 14:16:32,086 [DEBUG]  Node 'run_DIETClassifier5' running 'DIETClassifier.process'.
2025-03-09 14:16:32,087 [DEBUG]  Node 'run_EntitySynonymMapper6' running 'EntitySynonymMapper.process'.
2025-03-09 14:16:32,088 [DEBUG]  Node 'run_ResponseSelector7' running 'ResponseSelector.process'.
2025-03-09 14:16:32,088 [DEBUG]  There is no trained model for 'ResponseSelector': The component is either not trained or didn't receive enough training data.
2025-03-09 14:16:32,088 [DEBUG]  Adding following selector key to message property: default
2025-03-09 14:16:32,088 [DEBUG]  Node 'domain_provider' running 'DomainProvider.provide_inference'.
2025-03-09 14:16:32,088 [DEBUG]  Node 'run_RegexMessageHandler' running 'RegexMessageHandler.process'.
2025-03-09 14:16:32,088 [DEBUG]  [[32m[1mdebug    [0m] [1mprocessor.message.parse       [0m [36mparse_data_entities[0m=[35m[][0m [36mparse_data_intent[0m=[35m{'name': 'goodbye', 'confidence': 0.3540959358215332}[0m [36mparse_data_text[0m=[35mДобрый день[0m
2025-03-09 14:16:32,088 [DEBUG]  Logged UserUtterance - tracker now has 28 events.
2025-03-09 14:16:32,088 [DEBUG]  Validating extracted slots: topic
2025-03-09 14:16:32,088 [DEBUG]  [[32m[1mdebug    [0m] [1mprocessor.extract.slots       [0m [36maction_extract_slot[0m=[35maction_extract_slots[0m [36mlen_extraction_events[0m=[35m1[0m [36mrasa_events[0m=[35m[SlotSet(key: topic, value: Добрый день)][0m
2025-03-09 14:16:32,088 [DEBUG]  Running graph with inputs: {'__tracker__': <rasa.shared.core.trackers.DialogueStateTracker object at 0x38c277550>}, targets: ['select_prediction'] and ExecutionContext(model_id='7aa5dc3d703249228f3a9d312b4c84f8', should_add_diagnostic_data=False, is_finetuning=False, node_name=None).
2025-03-09 14:16:32,088 [DEBUG]  Node 'rule_only_data_provider' running 'RuleOnlyDataProvider.provide'.
2025-03-09 14:16:32,088 [DEBUG]  Node 'domain_provider' running 'DomainProvider.provide_inference'.
2025-03-09 14:16:32,088 [DEBUG]  Node 'run_MemoizationPolicy0' running 'MemoizationPolicy.predict_action_probabilities'.
2025-03-09 14:16:32,089 [DEBUG]  [[32m[1mdebug    [0m] [1mmemoization.predict.actions   [0m [36mtracker_states[0m=[35m[{'user': {'intent': 'goodbye'}, 'prev_action': {'action_name': 'utter_goodbye'}}, {'user': {'intent': 'goodbye'}, 'prev_action': {'action_name': 'action_listen'}}][0m
2025-03-09 14:16:32,089 [DEBUG]  There is no memorised next action
2025-03-09 14:16:32,089 [DEBUG]  Node 'run_RulePolicy1' running 'RulePolicy.predict_action_probabilities'.
2025-03-09 14:16:32,089 [DEBUG]  [[32m[1mdebug    [0m] [1mrule_policy.actions.find      [0m [36mcurrent_states[0m=[35m
[state 1] user intent: goodbye | previous action name: action_listen
[state 2] user intent: goodbye | previous action name: utter_goodbye
[state 3] user intent: goodbye | previous action name: action_listen
[state 4] user intent: goodbye | previous action name: utter_goodbye
[state 5] user intent: goodbye | previous action name: action_listen
[state 6] user intent: goodbye | previous action name: utter_goodbye
[state 7] user intent: goodbye | previous action name: action_listen
[state 8] user intent: goodbye | previous action name: utter_goodbye
[state 9] user text: Добрый день | previous action name: action_listen[0m
2025-03-09 14:16:32,089 [DEBUG]  There is no applicable rule.
2025-03-09 14:16:32,089 [DEBUG]  [[32m[1mdebug    [0m] [1mrule_policy.actions.find      [0m [36mcurrent_states[0m=[35m
[state 1] user intent: goodbye | previous action name: action_listen
[state 2] user intent: goodbye | previous action name: utter_goodbye
[state 3] user intent: goodbye | previous action name: action_listen
[state 4] user intent: goodbye | previous action name: utter_goodbye
[state 5] user intent: goodbye | previous action name: action_listen
[state 6] user intent: goodbye | previous action name: utter_goodbye
[state 7] user intent: goodbye | previous action name: action_listen
[state 8] user intent: goodbye | previous action name: utter_goodbye
[state 9] user intent: goodbye | previous action name: action_listen[0m
2025-03-09 14:16:32,089 [DEBUG]  There is a rule for the next action 'utter_goodbye'.
2025-03-09 14:16:32,089 [DEBUG]  Node 'run_TEDPolicy2' running 'TEDPolicy.predict_action_probabilities'.
2025-03-09 14:16:32,091 [DEBUG]  TED predicted 'action_listen' based on user intent.
2025-03-09 14:16:32,091 [DEBUG]  Node 'select_prediction' running 'DefaultPolicyPredictionEnsemble.combine_predictions_from_kwargs'.
2025-03-09 14:16:32,091 [DEBUG]  Made prediction using user intent.
2025-03-09 14:16:32,091 [DEBUG]  Added `DefinePrevUserUtteredFeaturization(False)` event.
2025-03-09 14:16:32,091 [DEBUG]  Predicted next action using RulePolicy.
2025-03-09 14:16:32,091 [DEBUG]  Predicted next action 'utter_goodbye' with confidence 1.00.
2025-03-09 14:16:32,091 [DEBUG]  [[32m[1mdebug    [0m] [1mprocessor.actions.policy_prediction[0m [36mprediction_events[0m=[35m[<rasa.shared.core.events.DefinePrevUserUtteredFeaturization object at 0x38d4f5c90>][0m
2025-03-09 14:16:32,091 [DEBUG]  [[32m[1mdebug    [0m] [1mprocessor.actions.log         [0m [36maction_name[0m=[35mutter_goodbye[0m [36mrasa_events[0m=[35m[BotUttered('До свидания! Если появятся вопросы по архитектуре ПО, обращайтесь.', {"elements": null, "quick_replies": null, "buttons": null, "attachment": null, "image": null, "custom": null}, {"utter_action": "utter_goodbye"}, 1741518992.0913868)][0m
2025-03-09 14:16:32,091 [DEBUG]  Running graph with inputs: {'__tracker__': <rasa.shared.core.trackers.DialogueStateTracker object at 0x38c277550>}, targets: ['select_prediction'] and ExecutionContext(model_id='7aa5dc3d703249228f3a9d312b4c84f8', should_add_diagnostic_data=False, is_finetuning=False, node_name=None).
2025-03-09 14:16:32,091 [DEBUG]  Node 'rule_only_data_provider' running 'RuleOnlyDataProvider.provide'.
2025-03-09 14:16:32,091 [DEBUG]  Node 'domain_provider' running 'DomainProvider.provide_inference'.
2025-03-09 14:16:32,091 [DEBUG]  Node 'run_MemoizationPolicy0' running 'MemoizationPolicy.predict_action_probabilities'.
2025-03-09 14:16:32,091 [DEBUG]  [[32m[1mdebug    [0m] [1mmemoization.predict.actions   [0m [36mtracker_states[0m=[35m[{'user': {'intent': 'goodbye'}, 'prev_action': {'action_name': 'action_listen'}}, {'user': {'intent': 'goodbye'}, 'prev_action': {'action_name': 'utter_goodbye'}}][0m
2025-03-09 14:16:32,092 [DEBUG]  There is a memorised next action 'action_listen'
2025-03-09 14:16:32,092 [DEBUG]  Node 'run_RulePolicy1' running 'RulePolicy.predict_action_probabilities'.
2025-03-09 14:16:32,092 [DEBUG]  [[32m[1mdebug    [0m] [1mrule_policy.actions.find      [0m [36mcurrent_states[0m=[35m
[state 1] user intent: goodbye | previous action name: action_listen
[state 2] user intent: goodbye | previous action name: utter_goodbye
[state 3] user intent: goodbye | previous action name: action_listen
[state 4] user intent: goodbye | previous action name: utter_goodbye
[state 5] user intent: goodbye | previous action name: action_listen
[state 6] user intent: goodbye | previous action name: utter_goodbye
[state 7] user intent: goodbye | previous action name: action_listen
[state 8] user intent: goodbye | previous action name: utter_goodbye
[state 9] user intent: goodbye | previous action name: action_listen
[state 10] user intent: goodbye | previous action name: utter_goodbye[0m
2025-03-09 14:16:32,092 [DEBUG]  There is a rule for the next action 'action_listen'.
2025-03-09 14:16:32,092 [DEBUG]  Node 'run_TEDPolicy2' running 'TEDPolicy.predict_action_probabilities'.
2025-03-09 14:16:32,093 [DEBUG]  TED predicted 'utter_greet' based on user intent.
2025-03-09 14:16:32,093 [DEBUG]  Node 'select_prediction' running 'DefaultPolicyPredictionEnsemble.combine_predictions_from_kwargs'.
2025-03-09 14:16:32,093 [DEBUG]  Predicted next action using RulePolicy.
2025-03-09 14:16:32,093 [DEBUG]  Predicted next action 'action_listen' with confidence 1.00.
2025-03-09 14:16:32,094 [DEBUG]  [[32m[1mdebug    [0m] [1mprocessor.actions.policy_prediction[0m [36mprediction_events[0m=[35m[][0m
2025-03-09 14:16:32,094 [DEBUG]  [[32m[1mdebug    [0m] [1mprocessor.actions.log         [0m [36maction_name[0m=[35maction_listen[0m [36mrasa_events[0m=[35m[][0m
2025-03-09 14:16:32,094 [DEBUG]  No event broker configured. Skipping streaming events.
2025-03-09 14:16:32,094 [DEBUG]  Deleted lock for conversation 'PractikumStudent'.
2025-03-09 14:16:54,639 [DEBUG]  Issuing ticket for conversation 'PractikumStudent'.
2025-03-09 14:16:54,641 [DEBUG]  Acquiring lock for conversation 'PractikumStudent'.
2025-03-09 14:16:54,641 [DEBUG]  Acquired lock for conversation 'PractikumStudent'.
2025-03-09 14:16:54,641 [DEBUG]  Recreating tracker for id 'PractikumStudent'
2025-03-09 14:16:54,644 [DEBUG]  Running graph with inputs: {'__message__': [<rasa.core.channels.channel.UserMessage object at 0x38afa86d0>], '__tracker__': <rasa.shared.core.trackers.DialogueStateTracker object at 0x38c277550>}, targets: ['run_RegexMessageHandler'] and ExecutionContext(model_id='7aa5dc3d703249228f3a9d312b4c84f8', should_add_diagnostic_data=False, is_finetuning=False, node_name=None).
2025-03-09 14:16:54,645 [DEBUG]  Node 'nlu_message_converter' running 'NLUMessageConverter.convert_user_message'.
2025-03-09 14:16:54,645 [DEBUG]  Node 'run_WhitespaceTokenizer0' running 'WhitespaceTokenizer.process'.
2025-03-09 14:16:54,646 [DEBUG]  Node 'run_RegexFeaturizer1' running 'RegexFeaturizer.process'.
2025-03-09 14:16:54,646 [DEBUG]  Node 'run_LexicalSyntacticFeaturizer2' running 'LexicalSyntacticFeaturizer.process'.
2025-03-09 14:16:54,646 [DEBUG]  Node 'run_CountVectorsFeaturizer3' running 'CountVectorsFeaturizer.process'.
2025-03-09 14:16:54,647 [DEBUG]  Node 'run_LanguageModelFeaturizer4' running 'LanguageModelFeaturizer.process'.
2025-03-09 14:16:54,738 [DEBUG]  Node 'run_DIETClassifier5' running 'DIETClassifier.process'.
2025-03-09 14:16:54,740 [DEBUG]  Node 'run_EntitySynonymMapper6' running 'EntitySynonymMapper.process'.
2025-03-09 14:16:54,740 [DEBUG]  Node 'run_ResponseSelector7' running 'ResponseSelector.process'.
2025-03-09 14:16:54,740 [DEBUG]  There is no trained model for 'ResponseSelector': The component is either not trained or didn't receive enough training data.
2025-03-09 14:16:54,740 [DEBUG]  Adding following selector key to message property: default
2025-03-09 14:16:54,740 [DEBUG]  Node 'domain_provider' running 'DomainProvider.provide_inference'.
2025-03-09 14:16:54,740 [DEBUG]  Node 'run_RegexMessageHandler' running 'RegexMessageHandler.process'.
2025-03-09 14:16:54,740 [DEBUG]  [[32m[1mdebug    [0m] [1mprocessor.message.parse       [0m [36mparse_data_entities[0m=[35m[][0m [36mparse_data_intent[0m=[35m{'name': 'goodbye', 'confidence': 0.4212464392185211}[0m [36mparse_data_text[0m=[35mКакие подходы существуют в архитектуре?[0m
2025-03-09 14:16:54,740 [DEBUG]  Logged UserUtterance - tracker now has 34 events.
2025-03-09 14:16:54,740 [DEBUG]  Validating extracted slots: topic
2025-03-09 14:16:54,740 [DEBUG]  [[32m[1mdebug    [0m] [1mprocessor.extract.slots       [0m [36maction_extract_slot[0m=[35maction_extract_slots[0m [36mlen_extraction_events[0m=[35m1[0m [36mrasa_events[0m=[35m[SlotSet(key: topic, value: Какие подходы существуют в архитектуре?)][0m
2025-03-09 14:16:54,740 [DEBUG]  Running graph with inputs: {'__tracker__': <rasa.shared.core.trackers.DialogueStateTracker object at 0x38c277550>}, targets: ['select_prediction'] and ExecutionContext(model_id='7aa5dc3d703249228f3a9d312b4c84f8', should_add_diagnostic_data=False, is_finetuning=False, node_name=None).
2025-03-09 14:16:54,740 [DEBUG]  Node 'rule_only_data_provider' running 'RuleOnlyDataProvider.provide'.
2025-03-09 14:16:54,740 [DEBUG]  Node 'domain_provider' running 'DomainProvider.provide_inference'.
2025-03-09 14:16:54,740 [DEBUG]  Node 'run_MemoizationPolicy0' running 'MemoizationPolicy.predict_action_probabilities'.
2025-03-09 14:16:54,741 [DEBUG]  [[32m[1mdebug    [0m] [1mmemoization.predict.actions   [0m [36mtracker_states[0m=[35m[{'user': {'intent': 'goodbye'}, 'prev_action': {'action_name': 'utter_goodbye'}}, {'user': {'intent': 'goodbye'}, 'prev_action': {'action_name': 'action_listen'}}][0m
2025-03-09 14:16:54,741 [DEBUG]  There is no memorised next action
2025-03-09 14:16:54,741 [DEBUG]  Node 'run_RulePolicy1' running 'RulePolicy.predict_action_probabilities'.
2025-03-09 14:16:54,741 [DEBUG]  [[32m[1mdebug    [0m] [1mrule_policy.actions.find      [0m [36mcurrent_states[0m=[35m
[state 1] user intent: goodbye | previous action name: action_listen
[state 2] user intent: goodbye | previous action name: utter_goodbye
[state 3] user intent: goodbye | previous action name: action_listen
[state 4] user intent: goodbye | previous action name: utter_goodbye
[state 5] user intent: goodbye | previous action name: action_listen
[state 6] user intent: goodbye | previous action name: utter_goodbye
[state 7] user intent: goodbye | previous action name: action_listen
[state 8] user intent: goodbye | previous action name: utter_goodbye
[state 9] user intent: goodbye | previous action name: action_listen
[state 10] user intent: goodbye | previous action name: utter_goodbye
[state 11] user text: Какие подходы существуют в архитектуре? | previous action name: action_listen[0m
2025-03-09 14:16:54,741 [DEBUG]  There is no applicable rule.
2025-03-09 14:16:54,741 [DEBUG]  [[32m[1mdebug    [0m] [1mrule_policy.actions.find      [0m [36mcurrent_states[0m=[35m
[state 1] user intent: goodbye | previous action name: action_listen
[state 2] user intent: goodbye | previous action name: utter_goodbye
[state 3] user intent: goodbye | previous action name: action_listen
[state 4] user intent: goodbye | previous action name: utter_goodbye
[state 5] user intent: goodbye | previous action name: action_listen
[state 6] user intent: goodbye | previous action name: utter_goodbye
[state 7] user intent: goodbye | previous action name: action_listen
[state 8] user intent: goodbye | previous action name: utter_goodbye
[state 9] user intent: goodbye | previous action name: action_listen
[state 10] user intent: goodbye | previous action name: utter_goodbye
[state 11] user intent: goodbye | previous action name: action_listen[0m
2025-03-09 14:16:54,741 [DEBUG]  There is a rule for the next action 'utter_goodbye'.
2025-03-09 14:16:54,741 [DEBUG]  Node 'run_TEDPolicy2' running 'TEDPolicy.predict_action_probabilities'.
2025-03-09 14:16:54,743 [DEBUG]  TED predicted 'action_listen' based on user intent.
2025-03-09 14:16:54,743 [DEBUG]  Node 'select_prediction' running 'DefaultPolicyPredictionEnsemble.combine_predictions_from_kwargs'.
2025-03-09 14:16:54,743 [DEBUG]  Made prediction using user intent.
2025-03-09 14:16:54,743 [DEBUG]  Added `DefinePrevUserUtteredFeaturization(False)` event.
2025-03-09 14:16:54,743 [DEBUG]  Predicted next action using RulePolicy.
2025-03-09 14:16:54,743 [DEBUG]  Predicted next action 'utter_goodbye' with confidence 1.00.
2025-03-09 14:16:54,743 [DEBUG]  [[32m[1mdebug    [0m] [1mprocessor.actions.policy_prediction[0m [36mprediction_events[0m=[35m[<rasa.shared.core.events.DefinePrevUserUtteredFeaturization object at 0x38d359750>][0m
2025-03-09 14:16:54,743 [DEBUG]  [[32m[1mdebug    [0m] [1mprocessor.actions.log         [0m [36maction_name[0m=[35mutter_goodbye[0m [36mrasa_events[0m=[35m[BotUttered('До свидания! Если появятся вопросы по архитектуре ПО, обращайтесь.', {"elements": null, "quick_replies": null, "buttons": null, "attachment": null, "image": null, "custom": null}, {"utter_action": "utter_goodbye"}, 1741519014.743377)][0m
2025-03-09 14:16:54,743 [DEBUG]  Running graph with inputs: {'__tracker__': <rasa.shared.core.trackers.DialogueStateTracker object at 0x38c277550>}, targets: ['select_prediction'] and ExecutionContext(model_id='7aa5dc3d703249228f3a9d312b4c84f8', should_add_diagnostic_data=False, is_finetuning=False, node_name=None).
2025-03-09 14:16:54,743 [DEBUG]  Node 'rule_only_data_provider' running 'RuleOnlyDataProvider.provide'.
2025-03-09 14:16:54,743 [DEBUG]  Node 'domain_provider' running 'DomainProvider.provide_inference'.
2025-03-09 14:16:54,743 [DEBUG]  Node 'run_MemoizationPolicy0' running 'MemoizationPolicy.predict_action_probabilities'.
2025-03-09 14:16:54,743 [DEBUG]  [[32m[1mdebug    [0m] [1mmemoization.predict.actions   [0m [36mtracker_states[0m=[35m[{'user': {'intent': 'goodbye'}, 'prev_action': {'action_name': 'action_listen'}}, {'user': {'intent': 'goodbye'}, 'prev_action': {'action_name': 'utter_goodbye'}}][0m
2025-03-09 14:16:54,743 [DEBUG]  There is a memorised next action 'action_listen'
2025-03-09 14:16:54,744 [DEBUG]  Node 'run_RulePolicy1' running 'RulePolicy.predict_action_probabilities'.
2025-03-09 14:16:54,744 [DEBUG]  [[32m[1mdebug    [0m] [1mrule_policy.actions.find      [0m [36mcurrent_states[0m=[35m
[state 1] user intent: goodbye | previous action name: action_listen
[state 2] user intent: goodbye | previous action name: utter_goodbye
[state 3] user intent: goodbye | previous action name: action_listen
[state 4] user intent: goodbye | previous action name: utter_goodbye
[state 5] user intent: goodbye | previous action name: action_listen
[state 6] user intent: goodbye | previous action name: utter_goodbye
[state 7] user intent: goodbye | previous action name: action_listen
[state 8] user intent: goodbye | previous action name: utter_goodbye
[state 9] user intent: goodbye | previous action name: action_listen
[state 10] user intent: goodbye | previous action name: utter_goodbye
[state 11] user intent: goodbye | previous action name: action_listen
[state 12] user intent: goodbye | previous action name: utter_goodbye[0m
2025-03-09 14:16:54,744 [DEBUG]  There is a rule for the next action 'action_listen'.
2025-03-09 14:16:54,744 [DEBUG]  Node 'run_TEDPolicy2' running 'TEDPolicy.predict_action_probabilities'.
2025-03-09 14:16:54,745 [DEBUG]  TED predicted 'utter_greet' based on user intent.
2025-03-09 14:16:54,745 [DEBUG]  Node 'select_prediction' running 'DefaultPolicyPredictionEnsemble.combine_predictions_from_kwargs'.
2025-03-09 14:16:54,745 [DEBUG]  Predicted next action using RulePolicy.
2025-03-09 14:16:54,745 [DEBUG]  Predicted next action 'action_listen' with confidence 1.00.
2025-03-09 14:16:54,745 [DEBUG]  [[32m[1mdebug    [0m] [1mprocessor.actions.policy_prediction[0m [36mprediction_events[0m=[35m[][0m
2025-03-09 14:16:54,745 [DEBUG]  [[32m[1mdebug    [0m] [1mprocessor.actions.log         [0m [36maction_name[0m=[35maction_listen[0m [36mrasa_events[0m=[35m[][0m
2025-03-09 14:16:54,745 [DEBUG]  No event broker configured. Skipping streaming events.
2025-03-09 14:16:54,745 [DEBUG]  Deleted lock for conversation 'PractikumStudent'.
2025-03-09 14:17:08,701 [DEBUG]  Issuing ticket for conversation 'PractikumStudent'.
2025-03-09 14:17:08,702 [DEBUG]  Acquiring lock for conversation 'PractikumStudent'.
2025-03-09 14:17:08,702 [DEBUG]  Acquired lock for conversation 'PractikumStudent'.
2025-03-09 14:17:08,702 [DEBUG]  Recreating tracker for id 'PractikumStudent'
2025-03-09 14:17:08,706 [DEBUG]  Running graph with inputs: {'__message__': [<rasa.core.channels.channel.UserMessage object at 0x38ab9b340>], '__tracker__': <rasa.shared.core.trackers.DialogueStateTracker object at 0x38c277550>}, targets: ['run_RegexMessageHandler'] and ExecutionContext(model_id='7aa5dc3d703249228f3a9d312b4c84f8', should_add_diagnostic_data=False, is_finetuning=False, node_name=None).
2025-03-09 14:17:08,707 [DEBUG]  Node 'nlu_message_converter' running 'NLUMessageConverter.convert_user_message'.
2025-03-09 14:17:08,707 [DEBUG]  Node 'run_WhitespaceTokenizer0' running 'WhitespaceTokenizer.process'.
2025-03-09 14:17:08,708 [DEBUG]  Node 'run_RegexFeaturizer1' running 'RegexFeaturizer.process'.
2025-03-09 14:17:08,709 [DEBUG]  Node 'run_LexicalSyntacticFeaturizer2' running 'LexicalSyntacticFeaturizer.process'.
2025-03-09 14:17:08,744 [DEBUG]  Node 'run_CountVectorsFeaturizer3' running 'CountVectorsFeaturizer.process'.
2025-03-09 14:17:08,744 [DEBUG]  Node 'run_LanguageModelFeaturizer4' running 'LanguageModelFeaturizer.process'.
2025-03-09 14:17:08,815 [DEBUG]  Node 'run_DIETClassifier5' running 'DIETClassifier.process'.
2025-03-09 14:17:08,816 [DEBUG]  Node 'run_EntitySynonymMapper6' running 'EntitySynonymMapper.process'.
2025-03-09 14:17:08,816 [DEBUG]  Node 'run_ResponseSelector7' running 'ResponseSelector.process'.
2025-03-09 14:17:08,816 [DEBUG]  There is no trained model for 'ResponseSelector': The component is either not trained or didn't receive enough training data.
2025-03-09 14:17:08,816 [DEBUG]  Adding following selector key to message property: default
2025-03-09 14:17:08,816 [DEBUG]  Node 'domain_provider' running 'DomainProvider.provide_inference'.
2025-03-09 14:17:08,816 [DEBUG]  Node 'run_RegexMessageHandler' running 'RegexMessageHandler.process'.
2025-03-09 14:17:08,817 [DEBUG]  [[32m[1mdebug    [0m] [1mprocessor.message.parse       [0m [36mparse_data_entities[0m=[35m[][0m [36mparse_data_intent[0m=[35m{'name': 'ask_architecture', 'confidence': 0.36081594228744507}[0m [36mparse_data_text[0m=[35mКак выбрать архитектуру ПО?[0m
2025-03-09 14:17:08,817 [DEBUG]  Logged UserUtterance - tracker now has 40 events.
2025-03-09 14:17:08,817 [DEBUG]  Validating extracted slots: topic
2025-03-09 14:17:08,817 [DEBUG]  [[32m[1mdebug    [0m] [1mprocessor.extract.slots       [0m [36maction_extract_slot[0m=[35maction_extract_slots[0m [36mlen_extraction_events[0m=[35m1[0m [36mrasa_events[0m=[35m[SlotSet(key: topic, value: Как выбрать архитектуру ПО?)][0m
2025-03-09 14:17:08,817 [DEBUG]  Running graph with inputs: {'__tracker__': <rasa.shared.core.trackers.DialogueStateTracker object at 0x38c277550>}, targets: ['select_prediction'] and ExecutionContext(model_id='7aa5dc3d703249228f3a9d312b4c84f8', should_add_diagnostic_data=False, is_finetuning=False, node_name=None).
2025-03-09 14:17:08,817 [DEBUG]  Node 'rule_only_data_provider' running 'RuleOnlyDataProvider.provide'.
2025-03-09 14:17:08,817 [DEBUG]  Node 'domain_provider' running 'DomainProvider.provide_inference'.
2025-03-09 14:17:08,817 [DEBUG]  Node 'run_MemoizationPolicy0' running 'MemoizationPolicy.predict_action_probabilities'.
2025-03-09 14:17:08,817 [DEBUG]  [[32m[1mdebug    [0m] [1mmemoization.predict.actions   [0m [36mtracker_states[0m=[35m[{'user': {'intent': 'goodbye'}, 'prev_action': {'action_name': 'utter_goodbye'}}, {'user': {'intent': 'ask_architecture'}, 'prev_action': {'action_name': 'action_listen'}}][0m
2025-03-09 14:17:08,817 [DEBUG]  There is no memorised next action
2025-03-09 14:17:08,818 [DEBUG]  Node 'run_RulePolicy1' running 'RulePolicy.predict_action_probabilities'.
2025-03-09 14:17:08,818 [DEBUG]  [[32m[1mdebug    [0m] [1mrule_policy.actions.find      [0m [36mcurrent_states[0m=[35m
[state 1] user intent: goodbye | previous action name: action_listen
[state 2] user intent: goodbye | previous action name: utter_goodbye
[state 3] user intent: goodbye | previous action name: action_listen
[state 4] user intent: goodbye | previous action name: utter_goodbye
[state 5] user intent: goodbye | previous action name: action_listen
[state 6] user intent: goodbye | previous action name: utter_goodbye
[state 7] user intent: goodbye | previous action name: action_listen
[state 8] user intent: goodbye | previous action name: utter_goodbye
[state 9] user intent: goodbye | previous action name: action_listen
[state 10] user intent: goodbye | previous action name: utter_goodbye
[state 11] user intent: goodbye | previous action name: action_listen
[state 12] user intent: goodbye | previous action name: utter_goodbye
[state 13] user text: Как выбрать архитектуру ПО? | previous action name: action_listen[0m
2025-03-09 14:17:08,818 [DEBUG]  There is no applicable rule.
2025-03-09 14:17:08,818 [DEBUG]  [[32m[1mdebug    [0m] [1mrule_policy.actions.find      [0m [36mcurrent_states[0m=[35m
[state 1] user intent: goodbye | previous action name: action_listen
[state 2] user intent: goodbye | previous action name: utter_goodbye
[state 3] user intent: goodbye | previous action name: action_listen
[state 4] user intent: goodbye | previous action name: utter_goodbye
[state 5] user intent: goodbye | previous action name: action_listen
[state 6] user intent: goodbye | previous action name: utter_goodbye
[state 7] user intent: goodbye | previous action name: action_listen
[state 8] user intent: goodbye | previous action name: utter_goodbye
[state 9] user intent: goodbye | previous action name: action_listen
[state 10] user intent: goodbye | previous action name: utter_goodbye
[state 11] user intent: goodbye | previous action name: action_listen
[state 12] user intent: goodbye | previous action name: utter_goodbye
[state 13] user intent: ask_architecture | previous action name: action_listen[0m
2025-03-09 14:17:08,818 [DEBUG]  There is a rule for the next action 'utter_architecture_response'.
2025-03-09 14:17:08,818 [DEBUG]  Node 'run_TEDPolicy2' running 'TEDPolicy.predict_action_probabilities'.
2025-03-09 14:17:08,820 [DEBUG]  TED predicted 'action_listen' based on user intent.
2025-03-09 14:17:08,820 [DEBUG]  Node 'select_prediction' running 'DefaultPolicyPredictionEnsemble.combine_predictions_from_kwargs'.
2025-03-09 14:17:08,820 [DEBUG]  Made prediction using user intent.
2025-03-09 14:17:08,820 [DEBUG]  Added `DefinePrevUserUtteredFeaturization(False)` event.
2025-03-09 14:17:08,820 [DEBUG]  Predicted next action using RulePolicy.
2025-03-09 14:17:08,820 [DEBUG]  Predicted next action 'utter_architecture_response' with confidence 1.00.
2025-03-09 14:17:08,820 [DEBUG]  [[32m[1mdebug    [0m] [1mprocessor.actions.policy_prediction[0m [36mprediction_events[0m=[35m[<rasa.shared.core.events.DefinePrevUserUtteredFeaturization object at 0x38f839570>][0m
2025-03-09 14:17:08,820 [DEBUG]  [[32m[1mdebug    [0m] [1mprocessor.actions.log         [0m [36maction_name[0m=[35mutter_architecture_response[0m [36mrasa_events[0m=[35m[BotUttered('Архитектура ПО включает выбор структур, которые обеспечивают масштабируемость, гибкость и поддерживаемость приложения. Задайте конкретный вопрос по этой теме, и я помогу вам с информацией.', {"elements": null, "quick_replies": null, "buttons": null, "attachment": null, "image": null, "custom": null}, {"utter_action": "utter_architecture_response"}, 1741519028.8206248)][0m
2025-03-09 14:17:08,820 [DEBUG]  Running graph with inputs: {'__tracker__': <rasa.shared.core.trackers.DialogueStateTracker object at 0x38c277550>}, targets: ['select_prediction'] and ExecutionContext(model_id='7aa5dc3d703249228f3a9d312b4c84f8', should_add_diagnostic_data=False, is_finetuning=False, node_name=None).
2025-03-09 14:17:08,820 [DEBUG]  Node 'rule_only_data_provider' running 'RuleOnlyDataProvider.provide'.
2025-03-09 14:17:08,820 [DEBUG]  Node 'domain_provider' running 'DomainProvider.provide_inference'.
2025-03-09 14:17:08,821 [DEBUG]  Node 'run_MemoizationPolicy0' running 'MemoizationPolicy.predict_action_probabilities'.
2025-03-09 14:17:08,821 [DEBUG]  [[32m[1mdebug    [0m] [1mmemoization.predict.actions   [0m [36mtracker_states[0m=[35m[{'user': {'intent': 'ask_architecture'}, 'prev_action': {'action_name': 'action_listen'}}, {'user': {'intent': 'ask_architecture'}, 'prev_action': {'action_name': 'utter_architecture_response'}}][0m
2025-03-09 14:17:08,821 [DEBUG]  There is a memorised next action 'action_listen'
2025-03-09 14:17:08,821 [DEBUG]  Node 'run_RulePolicy1' running 'RulePolicy.predict_action_probabilities'.
2025-03-09 14:17:08,821 [DEBUG]  [[32m[1mdebug    [0m] [1mrule_policy.actions.find      [0m [36mcurrent_states[0m=[35m
[state 1] user intent: goodbye | previous action name: action_listen
[state 2] user intent: goodbye | previous action name: utter_goodbye
[state 3] user intent: goodbye | previous action name: action_listen
[state 4] user intent: goodbye | previous action name: utter_goodbye
[state 5] user intent: goodbye | previous action name: action_listen
[state 6] user intent: goodbye | previous action name: utter_goodbye
[state 7] user intent: goodbye | previous action name: action_listen
[state 8] user intent: goodbye | previous action name: utter_goodbye
[state 9] user intent: goodbye | previous action name: action_listen
[state 10] user intent: goodbye | previous action name: utter_goodbye
[state 11] user intent: goodbye | previous action name: action_listen
[state 12] user intent: goodbye | previous action name: utter_goodbye
[state 13] user intent: ask_architecture | previous action name: action_listen
[state 14] user intent: ask_architecture | previous action name: utter_architecture_response[0m
2025-03-09 14:17:08,821 [DEBUG]  There is a rule for the next action 'action_listen'.
2025-03-09 14:17:08,821 [DEBUG]  Node 'run_TEDPolicy2' running 'TEDPolicy.predict_action_probabilities'.
2025-03-09 14:17:08,822 [DEBUG]  TED predicted 'utter_ask_more' based on user intent.
2025-03-09 14:17:08,823 [DEBUG]  Node 'select_prediction' running 'DefaultPolicyPredictionEnsemble.combine_predictions_from_kwargs'.
2025-03-09 14:17:08,823 [DEBUG]  Predicted next action using RulePolicy.
2025-03-09 14:17:08,823 [DEBUG]  Predicted next action 'action_listen' with confidence 1.00.
2025-03-09 14:17:08,823 [DEBUG]  [[32m[1mdebug    [0m] [1mprocessor.actions.policy_prediction[0m [36mprediction_events[0m=[35m[][0m
2025-03-09 14:17:08,823 [DEBUG]  [[32m[1mdebug    [0m] [1mprocessor.actions.log         [0m [36maction_name[0m=[35maction_listen[0m [36mrasa_events[0m=[35m[][0m
2025-03-09 14:17:08,823 [DEBUG]  No event broker configured. Skipping streaming events.
2025-03-09 14:17:08,823 [DEBUG]  Deleted lock for conversation 'PractikumStudent'.
2025-03-09 14:17:17,771 [DEBUG]  Issuing ticket for conversation 'PractikumStudent'.
2025-03-09 14:17:17,771 [DEBUG]  Acquiring lock for conversation 'PractikumStudent'.
2025-03-09 14:17:17,771 [DEBUG]  Acquired lock for conversation 'PractikumStudent'.
2025-03-09 14:17:17,771 [DEBUG]  Recreating tracker for id 'PractikumStudent'
2025-03-09 14:17:17,773 [DEBUG]  Running graph with inputs: {'__message__': [<rasa.core.channels.channel.UserMessage object at 0x38afaab30>], '__tracker__': <rasa.shared.core.trackers.DialogueStateTracker object at 0x38c277550>}, targets: ['run_RegexMessageHandler'] and ExecutionContext(model_id='7aa5dc3d703249228f3a9d312b4c84f8', should_add_diagnostic_data=False, is_finetuning=False, node_name=None).
2025-03-09 14:17:17,774 [DEBUG]  Node 'nlu_message_converter' running 'NLUMessageConverter.convert_user_message'.
2025-03-09 14:17:17,774 [DEBUG]  Node 'run_WhitespaceTokenizer0' running 'WhitespaceTokenizer.process'.
2025-03-09 14:17:17,774 [DEBUG]  Node 'run_RegexFeaturizer1' running 'RegexFeaturizer.process'.
2025-03-09 14:17:17,774 [DEBUG]  Node 'run_LexicalSyntacticFeaturizer2' running 'LexicalSyntacticFeaturizer.process'.
2025-03-09 14:17:17,774 [DEBUG]  Node 'run_CountVectorsFeaturizer3' running 'CountVectorsFeaturizer.process'.
2025-03-09 14:17:17,775 [DEBUG]  Node 'run_LanguageModelFeaturizer4' running 'LanguageModelFeaturizer.process'.
2025-03-09 14:17:17,838 [DEBUG]  Node 'run_DIETClassifier5' running 'DIETClassifier.process'.
2025-03-09 14:17:17,840 [DEBUG]  Node 'run_EntitySynonymMapper6' running 'EntitySynonymMapper.process'.
2025-03-09 14:17:17,840 [DEBUG]  Node 'run_ResponseSelector7' running 'ResponseSelector.process'.
2025-03-09 14:17:17,840 [DEBUG]  There is no trained model for 'ResponseSelector': The component is either not trained or didn't receive enough training data.
2025-03-09 14:17:17,840 [DEBUG]  Adding following selector key to message property: default
2025-03-09 14:17:17,840 [DEBUG]  Node 'domain_provider' running 'DomainProvider.provide_inference'.
2025-03-09 14:17:17,840 [DEBUG]  Node 'run_RegexMessageHandler' running 'RegexMessageHandler.process'.
2025-03-09 14:17:17,840 [DEBUG]  [[32m[1mdebug    [0m] [1mprocessor.message.parse       [0m [36mparse_data_entities[0m=[35m[][0m [36mparse_data_intent[0m=[35m{'name': 'goodbye', 'confidence': 0.33799731731414795}[0m [36mparse_data_text[0m=[35mПрив[0m
2025-03-09 14:17:17,840 [DEBUG]  Logged UserUtterance - tracker now has 46 events.
2025-03-09 14:17:17,840 [DEBUG]  Validating extracted slots: topic
2025-03-09 14:17:17,840 [DEBUG]  [[32m[1mdebug    [0m] [1mprocessor.extract.slots       [0m [36maction_extract_slot[0m=[35maction_extract_slots[0m [36mlen_extraction_events[0m=[35m1[0m [36mrasa_events[0m=[35m[SlotSet(key: topic, value: Прив)][0m
2025-03-09 14:17:17,840 [DEBUG]  Running graph with inputs: {'__tracker__': <rasa.shared.core.trackers.DialogueStateTracker object at 0x38c277550>}, targets: ['select_prediction'] and ExecutionContext(model_id='7aa5dc3d703249228f3a9d312b4c84f8', should_add_diagnostic_data=False, is_finetuning=False, node_name=None).
2025-03-09 14:17:17,840 [DEBUG]  Node 'rule_only_data_provider' running 'RuleOnlyDataProvider.provide'.
2025-03-09 14:17:17,840 [DEBUG]  Node 'domain_provider' running 'DomainProvider.provide_inference'.
2025-03-09 14:17:17,840 [DEBUG]  Node 'run_MemoizationPolicy0' running 'MemoizationPolicy.predict_action_probabilities'.
2025-03-09 14:17:17,841 [DEBUG]  [[32m[1mdebug    [0m] [1mmemoization.predict.actions   [0m [36mtracker_states[0m=[35m[{'user': {'intent': 'ask_architecture'}, 'prev_action': {'action_name': 'utter_architecture_response'}}, {'user': {'intent': 'goodbye'}, 'prev_action': {'action_name': 'action_listen'}}][0m
2025-03-09 14:17:17,841 [DEBUG]  There is no memorised next action
2025-03-09 14:17:17,841 [DEBUG]  Node 'run_RulePolicy1' running 'RulePolicy.predict_action_probabilities'.
2025-03-09 14:17:17,841 [DEBUG]  [[32m[1mdebug    [0m] [1mrule_policy.actions.find      [0m [36mcurrent_states[0m=[35m
[state 1] user intent: goodbye | previous action name: action_listen
[state 2] user intent: goodbye | previous action name: utter_goodbye
[state 3] user intent: goodbye | previous action name: action_listen
[state 4] user intent: goodbye | previous action name: utter_goodbye
[state 5] user intent: goodbye | previous action name: action_listen
[state 6] user intent: goodbye | previous action name: utter_goodbye
[state 7] user intent: goodbye | previous action name: action_listen
[state 8] user intent: goodbye | previous action name: utter_goodbye
[state 9] user intent: goodbye | previous action name: action_listen
[state 10] user intent: goodbye | previous action name: utter_goodbye
[state 11] user intent: goodbye | previous action name: action_listen
[state 12] user intent: goodbye | previous action name: utter_goodbye
[state 13] user intent: ask_architecture | previous action name: action_listen
[state 14] user intent: ask_architecture | previous action name: utter_architecture_response
[state 15] user text: Прив | previous action name: action_listen[0m
2025-03-09 14:17:17,841 [DEBUG]  There is no applicable rule.
2025-03-09 14:17:17,841 [DEBUG]  [[32m[1mdebug    [0m] [1mrule_policy.actions.find      [0m [36mcurrent_states[0m=[35m
[state 1] user intent: goodbye | previous action name: action_listen
[state 2] user intent: goodbye | previous action name: utter_goodbye
[state 3] user intent: goodbye | previous action name: action_listen
[state 4] user intent: goodbye | previous action name: utter_goodbye
[state 5] user intent: goodbye | previous action name: action_listen
[state 6] user intent: goodbye | previous action name: utter_goodbye
[state 7] user intent: goodbye | previous action name: action_listen
[state 8] user intent: goodbye | previous action name: utter_goodbye
[state 9] user intent: goodbye | previous action name: action_listen
[state 10] user intent: goodbye | previous action name: utter_goodbye
[state 11] user intent: goodbye | previous action name: action_listen
[state 12] user intent: goodbye | previous action name: utter_goodbye
[state 13] user intent: ask_architecture | previous action name: action_listen
[state 14] user intent: ask_architecture | previous action name: utter_architecture_response
[state 15] user intent: goodbye | previous action name: action_listen[0m
2025-03-09 14:17:17,841 [DEBUG]  There is a rule for the next action 'utter_goodbye'.
2025-03-09 14:17:17,842 [DEBUG]  Node 'run_TEDPolicy2' running 'TEDPolicy.predict_action_probabilities'.
2025-03-09 14:17:17,843 [DEBUG]  TED predicted 'action_listen' based on user intent.
2025-03-09 14:17:17,843 [DEBUG]  Node 'select_prediction' running 'DefaultPolicyPredictionEnsemble.combine_predictions_from_kwargs'.
2025-03-09 14:17:17,843 [DEBUG]  Made prediction using user intent.
2025-03-09 14:17:17,843 [DEBUG]  Added `DefinePrevUserUtteredFeaturization(False)` event.
2025-03-09 14:17:17,843 [DEBUG]  Predicted next action using RulePolicy.
2025-03-09 14:17:17,843 [DEBUG]  Predicted next action 'utter_goodbye' with confidence 1.00.
2025-03-09 14:17:17,843 [DEBUG]  [[32m[1mdebug    [0m] [1mprocessor.actions.policy_prediction[0m [36mprediction_events[0m=[35m[<rasa.shared.core.events.DefinePrevUserUtteredFeaturization object at 0x38f839090>][0m
2025-03-09 14:17:17,843 [DEBUG]  [[32m[1mdebug    [0m] [1mprocessor.actions.log         [0m [36maction_name[0m=[35mutter_goodbye[0m [36mrasa_events[0m=[35m[BotUttered('До свидания! Если появятся вопросы по архитектуре ПО, обращайтесь.', {"elements": null, "quick_replies": null, "buttons": null, "attachment": null, "image": null, "custom": null}, {"utter_action": "utter_goodbye"}, 1741519037.843712)][0m
2025-03-09 14:17:17,843 [DEBUG]  Running graph with inputs: {'__tracker__': <rasa.shared.core.trackers.DialogueStateTracker object at 0x38c277550>}, targets: ['select_prediction'] and ExecutionContext(model_id='7aa5dc3d703249228f3a9d312b4c84f8', should_add_diagnostic_data=False, is_finetuning=False, node_name=None).
2025-03-09 14:17:17,843 [DEBUG]  Node 'rule_only_data_provider' running 'RuleOnlyDataProvider.provide'.
2025-03-09 14:17:17,844 [DEBUG]  Node 'domain_provider' running 'DomainProvider.provide_inference'.
2025-03-09 14:17:17,844 [DEBUG]  Node 'run_MemoizationPolicy0' running 'MemoizationPolicy.predict_action_probabilities'.
2025-03-09 14:17:17,844 [DEBUG]  [[32m[1mdebug    [0m] [1mmemoization.predict.actions   [0m [36mtracker_states[0m=[35m[{'user': {'intent': 'goodbye'}, 'prev_action': {'action_name': 'action_listen'}}, {'user': {'intent': 'goodbye'}, 'prev_action': {'action_name': 'utter_goodbye'}}][0m
2025-03-09 14:17:17,844 [DEBUG]  There is a memorised next action 'action_listen'
2025-03-09 14:17:17,844 [DEBUG]  Node 'run_RulePolicy1' running 'RulePolicy.predict_action_probabilities'.
2025-03-09 14:17:17,844 [DEBUG]  [[32m[1mdebug    [0m] [1mrule_policy.actions.find      [0m [36mcurrent_states[0m=[35m
[state 1] user intent: goodbye | previous action name: action_listen
[state 2] user intent: goodbye | previous action name: utter_goodbye
[state 3] user intent: goodbye | previous action name: action_listen
[state 4] user intent: goodbye | previous action name: utter_goodbye
[state 5] user intent: goodbye | previous action name: action_listen
[state 6] user intent: goodbye | previous action name: utter_goodbye
[state 7] user intent: goodbye | previous action name: action_listen
[state 8] user intent: goodbye | previous action name: utter_goodbye
[state 9] user intent: goodbye | previous action name: action_listen
[state 10] user intent: goodbye | previous action name: utter_goodbye
[state 11] user intent: goodbye | previous action name: action_listen
[state 12] user intent: goodbye | previous action name: utter_goodbye
[state 13] user intent: ask_architecture | previous action name: action_listen
[state 14] user intent: ask_architecture | previous action name: utter_architecture_response
[state 15] user intent: goodbye | previous action name: action_listen
[state 16] user intent: goodbye | previous action name: utter_goodbye[0m
2025-03-09 14:17:17,844 [DEBUG]  There is a rule for the next action 'action_listen'.
2025-03-09 14:17:17,844 [DEBUG]  Node 'run_TEDPolicy2' running 'TEDPolicy.predict_action_probabilities'.
2025-03-09 14:17:17,846 [DEBUG]  TED predicted 'utter_greet' based on user intent.
2025-03-09 14:17:17,846 [DEBUG]  Node 'select_prediction' running 'DefaultPolicyPredictionEnsemble.combine_predictions_from_kwargs'.
2025-03-09 14:17:17,846 [DEBUG]  Predicted next action using RulePolicy.
2025-03-09 14:17:17,846 [DEBUG]  Predicted next action 'action_listen' with confidence 1.00.
2025-03-09 14:17:17,846 [DEBUG]  [[32m[1mdebug    [0m] [1mprocessor.actions.policy_prediction[0m [36mprediction_events[0m=[35m[][0m
2025-03-09 14:17:17,846 [DEBUG]  [[32m[1mdebug    [0m] [1mprocessor.actions.log         [0m [36maction_name[0m=[35maction_listen[0m [36mrasa_events[0m=[35m[][0m
2025-03-09 14:17:17,846 [DEBUG]  No event broker configured. Skipping streaming events.
2025-03-09 14:17:17,846 [DEBUG]  Deleted lock for conversation 'PractikumStudent'.
